08-Sep-2026 10:26:49.714 SEVERE [main] org.apache.catalina.startup.Catalina.stopServer Could not contact [localhost:8005] (base port [8005] and offset [0]). Tomcat may not be running.
08-Sep-2026 10:27:01.524 INFO [main] org.apache.catalina.startup.VersionLoggerListener.log Server version name:   Apache Tomcat/8.5.96
08-Sep-2026 10:27:01.531 INFO [main] org.apache.catalina.startup.VersionLoggerListener.log Server built:          Nov 10 2023 14:56:59 UTC
08-Sep-2026 10:27:01.531 INFO [main] org.apache.catalina.startup.VersionLoggerListener.log Server version number: 8.5.96.0
08-Sep-2026 10:27:01.532 INFO [main] org.apache.catalina.startup.VersionLoggerListener.log OS Name:               Windows 11
08-Sep-2026 10:27:01.532 INFO [main] org.apache.catalina.startup.VersionLoggerListener.log OS Version:            10.0
08-Sep-2026 10:27:01.532 INFO [main] org.apache.catalina.startup.VersionLoggerListener.log Architecture:          amd64
08-Sep-2026 10:27:01.533 INFO [main] org.apache.catalina.startup.VersionLoggerListener.log Java Home:             C:\Program Files\Eclipse Adoptium\jdk-17.0.20.8-hotspot
08-Sep-2026 10:27:01.533 INFO [main] org.apache.catalina.startup.VersionLoggerListener.log JVM Version:           17.0.20+8
08-Sep-2026 10:27:01.534 INFO [main] org.apache.catalina.startup.VersionLoggerListener.log JVM Vendor:            Eclipse Adoptium
08-Sep-2026 10:27:01.534 INFO [main] org.apache.catalina.startup.VersionLoggerListener.log CATALINA_BASE:         D:\benedictmart\benedictmart\jerome_zom\tomcat
08-Sep-2026 10:27:01.536 INFO [main] org.apache.catalina.startup.VersionLoggerListener.log CATALINA_HOME:         D:\benedictmart\benedictmart\jerome_zom\tomcat
08-Sep-2026 10:27:01.539 INFO [main] org.apache.catalina.startup.VersionLoggerListener.log Command line argument: --add-opens=java.base/java.lang=ALL-UNNAMED
08-Sep-2026 10:27:01.541 INFO [main] org.apache.catalina.startup.VersionLoggerListener.log Command line argument: --add-opens=java.base/java.io=ALL-UNNAMED
08-Sep-2026 10:27:01.541 INFO [main] org.apache.catalina.startup.VersionLoggerListener.log Command line argument: --add-opens=java.base/java.util=ALL-UNNAMED
08-Sep-2026 10:27:01.541 INFO [main] org.apache.catalina.startup.VersionLoggerListener.log Command line argument: --add-opens=java.base/java.util.concurrent=ALL-UNNAMED
08-Sep-2026 10:27:01.541 INFO [main] org.apache.catalina.startup.VersionLoggerListener.log Command line argument: --add-opens=java.rmi/sun.rmi.transport=ALL-UNNAMED
08-Sep-2026 10:27:01.542 INFO [main] org.apache.catalina.startup.VersionLoggerListener.log Command line argument: -Djava.util.logging.config.file=D:\benedictmart\benedictmart\jerome_zom\tomcat\conf\logging.properties
08-Sep-2026 10:27:01.544 INFO [main] org.apache.catalina.startup.VersionLoggerListener.log Command line argument: -Djava.util.logging.manager=org.apache.juli.ClassLoaderLogManager
08-Sep-2026 10:27:01.544 INFO [main] org.apache.catalina.startup.VersionLoggerListener.log Command line argument: -Djdk.tls.ephemeralDHKeySize=2048
08-Sep-2026 10:27:01.545 INFO [main] org.apache.catalina.startup.VersionLoggerListener.log Command line argument: -Djava.protocol.handler.pkgs=org.apache.catalina.webresources
08-Sep-2026 10:27:01.545 INFO [main] org.apache.catalina.startup.VersionLoggerListener.log Command line argument: -Dignore.endorsed.dirs=
08-Sep-2026 10:27:01.545 INFO [main] org.apache.catalina.startup.VersionLoggerListener.log Command line argument: -Dcatalina.base=D:\benedictmart\benedictmart\jerome_zom\tomcat
08-Sep-2026 10:27:01.546 INFO [main] org.apache.catalina.startup.VersionLoggerListener.log Command line argument: -Dcatalina.home=D:\benedictmart\benedictmart\jerome_zom\tomcat
08-Sep-2026 10:27:01.546 INFO [main] org.apache.catalina.startup.VersionLoggerListener.log Command line argument: -Djava.io.tmpdir=D:\benedictmart\benedictmart\jerome_zom\tomcat\temp
08-Sep-2026 10:27:01.546 INFO [main] org.apache.catalina.core.AprLifecycleListener.lifecycleEvent Loaded Apache Tomcat Native library [1.3.8] using APR version [1.7.6].
08-Sep-2026 10:27:01.547 INFO [main] org.apache.catalina.core.AprLifecycleListener.lifecycleEvent APR capabilities: IPv6 [true], sendfile [true], accept filters [false], random [true], UDS [{4}].
08-Sep-2026 10:27:01.547 INFO [main] org.apache.catalina.core.AprLifecycleListener.lifecycleEvent APR/OpenSSL configuration: useAprConnector [false], useOpenSSL [true]
08-Sep-2026 10:27:01.610 INFO [main] org.apache.catalina.core.AprLifecycleListener.initializeSSL OpenSSL successfully initialized [OpenSSL 3.0.21 9 Jun 2026]
08-Sep-2026 10:27:01.782 INFO [main] org.apache.coyote.AbstractProtocol.init Initializing ProtocolHandler ["http-nio-8080"]
08-Sep-2026 10:27:01.856 INFO [main] org.apache.catalina.startup.Catalina.load Initialization processed in 2123 ms
08-Sep-2026 10:27:02.012 INFO [main] org.apache.catalina.core.StandardService.startInternal Starting service [Catalina]
08-Sep-2026 10:27:02.026 INFO [main] org.apache.catalina.core.StandardEngine.startInternal Starting Servlet engine: [Apache Tomcat/8.5.96]
08-Sep-2026 10:27:02.127 INFO [localhost-startStop-1] org.apache.catalina.startup.HostConfig.deployWAR Deploying web application archive [D:\benedictmart\benedictmart\jerome_zom\tomcat\webapps\benedictjeromemart.war]
08-Sep-2026 10:27:03.492 WARNING [localhost-startStop-1] org.apache.tomcat.util.descriptor.web.WebXml.setVersion Unknown version string [4.0]. Default version will be used.
08-Sep-2026 10:27:04.352 INFO [localhost-startStop-1] org.apache.jasper.servlet.TldScanner.scanJars At least one JAR was scanned for TLDs yet contained no TLDs. Enable debug logging for this logger for a complete list of JARs that were scanned but no TLDs were found in them. Skipping unneeded JARs during scanning can improve startup time and JSP compilation time.
08-Sep-2026 10:27:09.706 INFO [localhost-startStop-1] org.apache.catalina.startup.HostConfig.deployWAR Deployment of web application archive [D:\benedictmart\benedictmart\jerome_zom\tomcat\webapps\benedictjeromemart.war] has finished in [7,577] ms
08-Sep-2026 10:27:09.709 INFO [localhost-startStop-1] org.apache.catalina.startup.HostConfig.deployDirectory Deploying web application directory [D:\benedictmart\benedictmart\jerome_zom\tomcat\webapps\docs]
08-Sep-2026 10:27:09.793 INFO [localhost-startStop-1] org.apache.catalina.startup.HostConfig.deployDirectory Deployment of web application directory [D:\benedictmart\benedictmart\jerome_zom\tomcat\webapps\docs] has finished in [83] ms
08-Sep-2026 10:27:09.793 INFO [localhost-startStop-1] org.apache.catalina.startup.HostConfig.deployDirectory Deploying web application directory [D:\benedictmart\benedictmart\jerome_zom\tomcat\webapps\examples]
08-Sep-2026 10:27:11.227 INFO [localhost-startStop-1] org.apache.catalina.startup.HostConfig.deployDirectory Deployment of web application directory [D:\benedictmart\benedictmart\jerome_zom\tomcat\webapps\examples] has finished in [1,433] ms
08-Sep-2026 10:27:11.229 INFO [localhost-startStop-1] org.apache.catalina.startup.HostConfig.deployDirectory Deploying web application directory [D:\benedictmart\benedictmart\jerome_zom\tomcat\webapps\host-manager]
08-Sep-2026 10:27:11.323 INFO [localhost-startStop-1] org.apache.catalina.startup.HostConfig.deployDirectory Deployment of web application directory [D:\benedictmart\benedictmart\jerome_zom\tomcat\webapps\host-manager] has finished in [95] ms
08-Sep-2026 10:27:11.325 INFO [localhost-startStop-1] org.apache.catalina.startup.HostConfig.deployDirectory Deploying web application directory [D:\benedictmart\benedictmart\jerome_zom\tomcat\webapps\manager]
08-Sep-2026 10:27:11.455 INFO [localhost-startStop-1] org.apache.catalina.startup.HostConfig.deployDirectory Deployment of web application directory [D:\benedictmart\benedictmart\jerome_zom\tomcat\webapps\manager] has finished in [130] ms
08-Sep-2026 10:27:11.456 INFO [localhost-startStop-1] org.apache.catalina.startup.HostConfig.deployDirectory Deploying web application directory [D:\benedictmart\benedictmart\jerome_zom\tomcat\webapps\ROOT]
08-Sep-2026 10:27:11.518 INFO [localhost-startStop-1] org.apache.catalina.startup.HostConfig.deployDirectory Deployment of web application directory [D:\benedictmart\benedictmart\jerome_zom\tomcat\webapps\ROOT] has finished in [62] ms
08-Sep-2026 10:27:11.532 INFO [main] org.apache.coyote.AbstractProtocol.start Starting ProtocolHandler ["http-nio-8080"]
08-Sep-2026 10:27:11.661 INFO [main] org.apache.catalina.startup.Catalina.start Server startup in 9805 ms
08-Sep-2026 12:35:02.527 INFO [main] org.apache.catalina.core.StandardServer.await A valid shutdown command was received via the shutdown port. Stopping the Server instance.
08-Sep-2026 12:35:02.530 INFO [main] org.apache.coyote.AbstractProtocol.pause Pausing ProtocolHandler ["http-nio-8080"]
08-Sep-2026 12:35:02.554 INFO [main] org.apache.catalina.core.StandardService.stopInternal Stopping service [Catalina]
08-Sep-2026 12:35:02.614 WARNING [localhost-startStop-2] org.apache.catalina.loader.WebappClassLoaderBase.clearReferencesJdbc The web application [benedictjeromemart] registered the JDBC driver [org.h2.Driver] but failed to unregister it when the web application was stopped. To prevent a memory leak, the JDBC Driver has been forcibly unregistered.
08-Sep-2026 12:35:02.625 INFO [main] org.apache.coyote.AbstractProtocol.stop Stopping ProtocolHandler ["http-nio-8080"]
08-Sep-2026 12:35:02.634 INFO [main] org.apache.coyote.AbstractProtocol.destroy Destroying ProtocolHandler ["http-nio-8080"]
08-Sep-2026 12:35:20.813 INFO [main] org.apache.catalina.startup.VersionLoggerListener.log Server version name:   Apache Tomcat/8.5.96
08-Sep-2026 12:35:20.818 INFO [main] org.apache.catalina.startup.VersionLoggerListener.log Server built:          Nov 10 2023 14:56:59 UTC
08-Sep-2026 12:35:20.819 INFO [main] org.apache.catalina.startup.VersionLoggerListener.log Server version number: 8.5.96.0
08-Sep-2026 12:35:20.819 INFO [main] org.apache.catalina.startup.VersionLoggerListener.log OS Name:               Windows 11
08-Sep-2026 12:35:20.820 INFO [main] org.apache.catalina.startup.VersionLoggerListener.log OS Version:            10.0
08-Sep-2026 12:35:20.820 INFO [main] org.apache.catalina.startup.VersionLoggerListener.log Architecture:          amd64
08-Sep-2026 12:35:20.822 INFO [main] org.apache.catalina.startup.VersionLoggerListener.log Java Home:             C:\Program Files\Eclipse Adoptium\jdk-17.0.20.8-hotspot
08-Sep-2026 12:35:20.822 INFO [main] org.apache.catalina.startup.VersionLoggerListener.log JVM Version:           17.0.20+8
08-Sep-2026 12:35:20.822 INFO [main] org.apache.catalina.startup.VersionLoggerListener.log JVM Vendor:            Eclipse Adoptium
08-Sep-2026 12:35:20.822 INFO [main] org.apache.catalina.startup.VersionLoggerListener.log CATALINA_BASE:         D:\benedictmart\benedictmart\jerome_zom\tomcat
08-Sep-2026 12:35:20.822 INFO [main] org.apache.catalina.startup.VersionLoggerListener.log CATALINA_HOME:         D:\benedictmart\benedictmart\jerome_zom\tomcat
08-Sep-2026 12:35:20.826 INFO [main] org.apache.catalina.startup.VersionLoggerListener.log Command line argument: --add-opens=java.base/java.lang=ALL-UNNAMED
08-Sep-2026 12:35:20.827 INFO [main] org.apache.catalina.startup.VersionLoggerListener.log Command line argument: --add-opens=java.base/java.io=ALL-UNNAMED
08-Sep-2026 12:35:20.827 INFO [main] org.apache.catalina.startup.VersionLoggerListener.log Command line argument: --add-opens=java.base/java.util=ALL-UNNAMED
08-Sep-2026 12:35:20.828 INFO [main] org.apache.catalina.startup.VersionLoggerListener.log Command line argument: --add-opens=java.base/java.util.concurrent=ALL-UNNAMED
08-Sep-2026 12:35:20.829 INFO [main] org.apache.catalina.startup.VersionLoggerListener.log Command line argument: --add-opens=java.rmi/sun.rmi.transport=ALL-UNNAMED
08-Sep-2026 12:35:20.830 INFO [main] org.apache.catalina.startup.VersionLoggerListener.log Command line argument: -Djava.util.logging.config.file=D:\benedictmart\benedictmart\jerome_zom\tomcat\conf\logging.properties
08-Sep-2026 12:35:20.830 INFO [main] org.apache.catalina.startup.VersionLoggerListener.log Command line argument: -Djava.util.logging.manager=org.apache.juli.ClassLoaderLogManager
08-Sep-2026 12:35:20.830 INFO [main] org.apache.catalina.startup.VersionLoggerListener.log Command line argument: -Djdk.tls.ephemeralDHKeySize=2048
08-Sep-2026 12:35:20.830 INFO [main] org.apache.catalina.startup.VersionLoggerListener.log Command line argument: -Djava.protocol.handler.pkgs=org.apache.catalina.webresources
08-Sep-2026 12:35:20.830 INFO [main] org.apache.catalina.startup.VersionLoggerListener.log Command line argument: -Dignore.endorsed.dirs=
08-Sep-2026 12:35:20.830 INFO [main] org.apache.catalina.startup.VersionLoggerListener.log Command line argument: -Dcatalina.base=D:\benedictmart\benedictmart\jerome_zom\tomcat
08-Sep-2026 12:35:20.832 INFO [main] org.apache.catalina.startup.VersionLoggerListener.log Command line argument: -Dcatalina.home=D:\benedictmart\benedictmart\jerome_zom\tomcat
08-Sep-2026 12:35:20.832 INFO [main] org.apache.catalina.startup.VersionLoggerListener.log Command line argument: -Djava.io.tmpdir=D:\benedictmart\benedictmart\jerome_zom\tomcat\temp
08-Sep-2026 12:35:20.832 INFO [main] org.apache.catalina.core.AprLifecycleListener.lifecycleEvent Loaded Apache Tomcat Native library [1.3.8] using APR version [1.7.6].
08-Sep-2026 12:35:20.833 INFO [main] org.apache.catalina.core.AprLifecycleListener.lifecycleEvent APR capabilities: IPv6 [true], sendfile [true], accept filters [false], random [true], UDS [{4}].
08-Sep-2026 12:35:20.833 INFO [main] org.apache.catalina.core.AprLifecycleListener.lifecycleEvent APR/OpenSSL configuration: useAprConnector [false], useOpenSSL [true]
08-Sep-2026 12:35:20.845 INFO [main] org.apache.catalina.core.AprLifecycleListener.initializeSSL OpenSSL successfully initialized [OpenSSL 3.0.21 9 Jun 2026]
08-Sep-2026 12:35:20.931 INFO [main] org.apache.coyote.AbstractProtocol.init Initializing ProtocolHandler ["http-nio-8080"]
08-Sep-2026 12:35:20.990 INFO [main] org.apache.catalina.startup.Catalina.load Initialization processed in 985 ms
08-Sep-2026 12:35:21.083 INFO [main] org.apache.catalina.core.StandardService.startInternal Starting service [Catalina]
08-Sep-2026 12:35:21.083 INFO [main] org.apache.catalina.core.StandardEngine.startInternal Starting Servlet engine: [Apache Tomcat/8.5.96]
08-Sep-2026 12:35:21.146 INFO [localhost-startStop-1] org.apache.catalina.startup.HostConfig.deployWAR Deploying web application archive [D:\benedictmart\benedictmart\jerome_zom\tomcat\webapps\benedictjeromemart.war]
08-Sep-2026 12:35:22.114 WARNING [localhost-startStop-1] org.apache.tomcat.util.descriptor.web.WebXml.setVersion Unknown version string [4.0]. Default version will be used.
08-Sep-2026 12:35:22.201 SEVERE [localhost-startStop-1] org.apache.catalina.core.ContainerBase.addChildInternal ContainerBase.addChild: start: 
	org.apache.catalina.LifecycleException: Failed to start component [StandardEngine[Catalina].StandardHost[localhost].StandardContext[/benedictjeromemart]]
		at org.apache.catalina.util.LifecycleBase.handleSubClassException(LifecycleBase.java:419)
		at org.apache.catalina.util.LifecycleBase.start(LifecycleBase.java:186)
		at org.apache.catalina.core.ContainerBase.addChildInternal(ContainerBase.java:710)
		at org.apache.catalina.core.ContainerBase.addChild(ContainerBase.java:687)
		at org.apache.catalina.core.StandardHost.addChild(StandardHost.java:660)
		at org.apache.catalina.startup.HostConfig.deployWAR(HostConfig.java:1016)
		at org.apache.catalina.startup.HostConfig$DeployWar.run(HostConfig.java:1903)
		at java.base/java.util.concurrent.Executors$RunnableAdapter.call(Executors.java:539)
		at java.base/java.util.concurrent.FutureTask.run(FutureTask.java:264)
		at java.base/java.util.concurrent.ThreadPoolExecutor.runWorker(ThreadPoolExecutor.java:1136)
		at java.base/java.util.concurrent.ThreadPoolExecutor$Worker.run(ThreadPoolExecutor.java:635)
		at java.base/java.lang.Thread.run(Thread.java:840)
	Caused by: java.lang.IllegalArgumentException: The servlets named [com.yourname.yournameeats.controller.AdminOrdersServlet] and [com.yourname.yournameeats.controller.AdminServlet] are both mapped to the url-pattern [/api/v1/admin/orders] which is not permitted
		at org.apache.tomcat.util.descriptor.web.WebXml.addServletMappingDecoded(WebXml.java:351)
		at org.apache.tomcat.util.descriptor.web.WebXml.addServletMapping(WebXml.java:344)
		at org.apache.catalina.startup.ContextConfig.processAnnotationWebServlet(ContextConfig.java:2351)
		at org.apache.catalina.startup.ContextConfig.processClass(ContextConfig.java:2030)
		at org.apache.catalina.startup.ContextConfig.processAnnotationsStream(ContextConfig.java:2019)
		at org.apache.catalina.startup.ContextConfig.processAnnotationsWebResource(ContextConfig.java:1920)
		at org.apache.catalina.startup.ContextConfig.processAnnotationsWebResource(ContextConfig.java:1914)
		at org.apache.catalina.startup.ContextConfig.processAnnotationsWebResource(ContextConfig.java:1914)
		at org.apache.catalina.startup.ContextConfig.processAnnotationsWebResource(ContextConfig.java:1914)
		at org.apache.catalina.startup.ContextConfig.processAnnotationsWebResource(ContextConfig.java:1914)
		at org.apache.catalina.startup.ContextConfig.processClasses(ContextConfig.java:1177)
		at org.apache.catalina.startup.ContextConfig.webConfig(ContextConfig.java:1094)
		at org.apache.catalina.startup.ContextConfig.configureStart(ContextConfig.java:780)
		at org.apache.catalina.startup.ContextConfig.lifecycleEvent(ContextConfig.java:300)
		at org.apache.catalina.util.LifecycleBase.fireLifecycleEvent(LifecycleBase.java:114)
		at org.apache.catalina.core.StandardContext.startInternal(StandardContext.java:4804)
		at org.apache.catalina.util.LifecycleBase.start(LifecycleBase.java:171)
		... 10 more
08-Sep-2026 12:35:22.208 SEVERE [localhost-startStop-1] org.apache.catalina.startup.HostConfig.deployWAR Error deploying web application archive [D:\benedictmart\benedictmart\jerome_zom\tomcat\webapps\benedictjeromemart.war]
	java.lang.IllegalStateException: Error starting child
		at org.apache.catalina.core.ContainerBase.addChildInternal(ContainerBase.java:714)
		at org.apache.catalina.core.ContainerBase.addChild(ContainerBase.java:687)
		at org.apache.catalina.core.StandardHost.addChild(StandardHost.java:660)
		at org.apache.catalina.startup.HostConfig.deployWAR(HostConfig.java:1016)
		at org.apache.catalina.startup.HostConfig$DeployWar.run(HostConfig.java:1903)
		at java.base/java.util.concurrent.Executors$RunnableAdapter.call(Executors.java:539)
		at java.base/java.util.concurrent.FutureTask.run(FutureTask.java:264)
		at java.base/java.util.concurrent.ThreadPoolExecutor.runWorker(ThreadPoolExecutor.java:1136)
		at java.base/java.util.concurrent.ThreadPoolExecutor$Worker.run(ThreadPoolExecutor.java:635)
		at java.base/java.lang.Thread.run(Thread.java:840)
	Caused by: org.apache.catalina.LifecycleException: Failed to start component [StandardEngine[Catalina].StandardHost[localhost].StandardContext[/benedictjeromemart]]
		at org.apache.catalina.util.LifecycleBase.handleSubClassException(LifecycleBase.java:419)
		at org.apache.catalina.util.LifecycleBase.start(LifecycleBase.java:186)
		at org.apache.catalina.core.ContainerBase.addChildInternal(ContainerBase.java:710)
		... 9 more
	Caused by: java.lang.IllegalArgumentException: The servlets named [com.yourname.yournameeats.controller.AdminOrdersServlet] and [com.yourname.yournameeats.controller.AdminServlet] are both mapped to the url-pattern [/api/v1/admin/orders] which is not permitted
		at org.apache.tomcat.util.descriptor.web.WebXml.addServletMappingDecoded(WebXml.java:351)
		at org.apache.tomcat.util.descriptor.web.WebXml.addServletMapping(WebXml.java:344)
		at org.apache.catalina.startup.ContextConfig.processAnnotationWebServlet(ContextConfig.java:2351)
		at org.apache.catalina.startup.ContextConfig.processClass(ContextConfig.java:2030)
		at org.apache.catalina.startup.ContextConfig.processAnnotationsStream(ContextConfig.java:2019)
		at org.apache.catalina.startup.ContextConfig.processAnnotationsWebResource(ContextConfig.java:1920)
		at org.apache.catalina.startup.ContextConfig.processAnnotationsWebResource(ContextConfig.java:1914)
		at org.apache.catalina.startup.ContextConfig.processAnnotationsWebResource(ContextConfig.java:1914)
		at org.apache.catalina.startup.ContextConfig.processAnnotationsWebResource(ContextConfig.java:1914)
		at org.apache.catalina.startup.ContextConfig.processAnnotationsWebResource(ContextConfig.java:1914)
		at org.apache.catalina.startup.ContextConfig.processClasses(ContextConfig.java:1177)
		at org.apache.catalina.startup.ContextConfig.webConfig(ContextConfig.java:1094)
		at org.apache.catalina.startup.ContextConfig.configureStart(ContextConfig.java:780)
		at org.apache.catalina.startup.ContextConfig.lifecycleEvent(ContextConfig.java:300)
		at org.apache.catalina.util.LifecycleBase.fireLifecycleEvent(LifecycleBase.java:114)
		at org.apache.catalina.core.StandardContext.startInternal(StandardContext.java:4804)
		at org.apache.catalina.util.LifecycleBase.start(LifecycleBase.java:171)
		... 10 more
08-Sep-2026 12:35:22.212 INFO [localhost-startStop-1] org.apache.catalina.startup.HostConfig.deployWAR Deployment of web application archive [D:\benedictmart\benedictmart\jerome_zom\tomcat\webapps\benedictjeromemart.war] has finished in [1,062] ms
08-Sep-2026 12:35:22.212 INFO [localhost-startStop-1] org.apache.catalina.startup.HostConfig.deployDirectory Deploying web application directory [D:\benedictmart\benedictmart\jerome_zom\tomcat\webapps\docs]
08-Sep-2026 12:35:22.442 INFO [localhost-startStop-1] org.apache.catalina.startup.HostConfig.deployDirectory Deployment of web application directory [D:\benedictmart\benedictmart\jerome_zom\tomcat\webapps\docs] has finished in [230] ms
08-Sep-2026 12:35:22.442 INFO [localhost-startStop-1] org.apache.catalina.startup.HostConfig.deployDirectory Deploying web application directory [D:\benedictmart\benedictmart\jerome_zom\tomcat\webapps\examples]
08-Sep-2026 12:35:22.879 INFO [localhost-startStop-1] org.apache.catalina.startup.HostConfig.deployDirectory Deployment of web application directory [D:\benedictmart\benedictmart\jerome_zom\tomcat\webapps\examples] has finished in [437] ms
08-Sep-2026 12:35:22.879 INFO [localhost-startStop-1] org.apache.catalina.startup.HostConfig.deployDirectory Deploying web application directory [D:\benedictmart\benedictmart\jerome_zom\tomcat\webapps\host-manager]
08-Sep-2026 12:35:22.939 INFO [localhost-startStop-1] org.apache.catalina.startup.HostConfig.deployDirectory Deployment of web application directory [D:\benedictmart\benedictmart\jerome_zom\tomcat\webapps\host-manager] has finished in [60] ms
08-Sep-2026 12:35:22.939 INFO [localhost-startStop-1] org.apache.catalina.startup.HostConfig.deployDirectory Deploying web application directory [D:\benedictmart\benedictmart\jerome_zom\tomcat\webapps\manager]
08-Sep-2026 12:35:22.987 INFO [localhost-startStop-1] org.apache.catalina.startup.HostConfig.deployDirectory Deployment of web application directory [D:\benedictmart\benedictmart\jerome_zom\tomcat\webapps\manager] has finished in [48] ms
08-Sep-2026 12:35:22.987 INFO [localhost-startStop-1] org.apache.catalina.startup.HostConfig.deployDirectory Deploying web application directory [D:\benedictmart\benedictmart\jerome_zom\tomcat\webapps\ROOT]
08-Sep-2026 12:35:23.020 INFO [localhost-startStop-1] org.apache.catalina.startup.HostConfig.deployDirectory Deployment of web application directory [D:\benedictmart\benedictmart\jerome_zom\tomcat\webapps\ROOT] has finished in [32] ms
08-Sep-2026 12:35:23.024 INFO [main] org.apache.coyote.AbstractProtocol.start Starting ProtocolHandler ["http-nio-8080"]
08-Sep-2026 12:35:23.088 INFO [main] org.apache.catalina.startup.Catalina.start Server startup in 2099 ms
08-Sep-2026 12:49:02.613 INFO [main] org.apache.catalina.core.StandardServer.await A valid shutdown command was received via the shutdown port. Stopping the Server instance.
08-Sep-2026 12:49:02.618 INFO [main] org.apache.coyote.AbstractProtocol.pause Pausing ProtocolHandler ["http-nio-8080"]
08-Sep-2026 12:49:02.647 INFO [main] org.apache.catalina.core.StandardService.stopInternal Stopping service [Catalina]
08-Sep-2026 12:49:02.745 INFO [main] org.apache.coyote.AbstractProtocol.stop Stopping ProtocolHandler ["http-nio-8080"]
08-Sep-2026 12:49:02.756 INFO [main] org.apache.coyote.AbstractProtocol.destroy Destroying ProtocolHandler ["http-nio-8080"]
08-Sep-2026 12:49:14.167 INFO [main] org.apache.catalina.startup.VersionLoggerListener.log Server version name:   Apache Tomcat/8.5.96
08-Sep-2026 12:49:14.172 INFO [main] org.apache.catalina.startup.VersionLoggerListener.log Server built:          Nov 10 2023 14:56:59 UTC
08-Sep-2026 12:49:14.172 INFO [main] org.apache.catalina.startup.VersionLoggerListener.log Server version number: 8.5.96.0
08-Sep-2026 12:49:14.172 INFO [main] org.apache.catalina.startup.VersionLoggerListener.log OS Name:               Windows 11
08-Sep-2026 12:49:14.172 INFO [main] org.apache.catalina.startup.VersionLoggerListener.log OS Version:            10.0
08-Sep-2026 12:49:14.172 INFO [main] org.apache.catalina.startup.VersionLoggerListener.log Architecture:          amd64
08-Sep-2026 12:49:14.172 INFO [main] org.apache.catalina.startup.VersionLoggerListener.log Java Home:             C:\Program Files\Eclipse Adoptium\jdk-17.0.20.8-hotspot
08-Sep-2026 12:49:14.172 INFO [main] org.apache.catalina.startup.VersionLoggerListener.log JVM Version:           17.0.20+8
08-Sep-2026 12:49:14.172 INFO [main] org.apache.catalina.startup.VersionLoggerListener.log JVM Vendor:            Eclipse Adoptium
08-Sep-2026 12:49:14.175 INFO [main] org.apache.catalina.startup.VersionLoggerListener.log CATALINA_BASE:         D:\benedictmart\benedictmart\jerome_zom\tomcat
08-Sep-2026 12:49:14.175 INFO [main] org.apache.catalina.startup.VersionLoggerListener.log CATALINA_HOME:         D:\benedictmart\benedictmart\jerome_zom\tomcat
08-Sep-2026 12:49:14.177 INFO [main] org.apache.catalina.startup.VersionLoggerListener.log Command line argument: --add-opens=java.base/java.lang=ALL-UNNAMED
08-Sep-2026 12:49:14.177 INFO [main] org.apache.catalina.startup.VersionLoggerListener.log Command line argument: --add-opens=java.base/java.io=ALL-UNNAMED
08-Sep-2026 12:49:14.179 INFO [main] org.apache.catalina.startup.VersionLoggerListener.log Command line argument: --add-opens=java.base/java.util=ALL-UNNAMED
08-Sep-2026 12:49:14.179 INFO [main] org.apache.catalina.startup.VersionLoggerListener.log Command line argument: --add-opens=java.base/java.util.concurrent=ALL-UNNAMED
08-Sep-2026 12:49:14.180 INFO [main] org.apache.catalina.startup.VersionLoggerListener.log Command line argument: --add-opens=java.rmi/sun.rmi.transport=ALL-UNNAMED
08-Sep-2026 12:49:14.180 INFO [main] org.apache.catalina.startup.VersionLoggerListener.log Command line argument: -Djava.util.logging.config.file=D:\benedictmart\benedictmart\jerome_zom\tomcat\conf\logging.properties
08-Sep-2026 12:49:14.180 INFO [main] org.apache.catalina.startup.VersionLoggerListener.log Command line argument: -Djava.util.logging.manager=org.apache.juli.ClassLoaderLogManager
08-Sep-2026 12:49:14.180 INFO [main] org.apache.catalina.startup.VersionLoggerListener.log Command line argument: -Djdk.tls.ephemeralDHKeySize=2048
08-Sep-2026 12:49:14.180 INFO [main] org.apache.catalina.startup.VersionLoggerListener.log Command line argument: -Djava.protocol.handler.pkgs=org.apache.catalina.webresources
08-Sep-2026 12:49:14.181 INFO [main] org.apache.catalina.startup.VersionLoggerListener.log Command line argument: -Dignore.endorsed.dirs=
08-Sep-2026 12:49:14.181 INFO [main] org.apache.catalina.startup.VersionLoggerListener.log Command line argument: -Dcatalina.base=D:\benedictmart\benedictmart\jerome_zom\tomcat
08-Sep-2026 12:49:14.181 INFO [main] org.apache.catalina.startup.VersionLoggerListener.log Command line argument: -Dcatalina.home=D:\benedictmart\benedictmart\jerome_zom\tomcat
08-Sep-2026 12:49:14.181 INFO [main] org.apache.catalina.startup.VersionLoggerListener.log Command line argument: -Djava.io.tmpdir=D:\benedictmart\benedictmart\jerome_zom\tomcat\temp
08-Sep-2026 12:49:14.181 INFO [main] org.apache.catalina.core.AprLifecycleListener.lifecycleEvent Loaded Apache Tomcat Native library [1.3.8] using APR version [1.7.6].
08-Sep-2026 12:49:14.181 INFO [main] org.apache.catalina.core.AprLifecycleListener.lifecycleEvent APR capabilities: IPv6 [true], sendfile [true], accept filters [false], random [true], UDS [{4}].
08-Sep-2026 12:49:14.181 INFO [main] org.apache.catalina.core.AprLifecycleListener.lifecycleEvent APR/OpenSSL configuration: useAprConnector [false], useOpenSSL [true]
08-Sep-2026 12:49:14.190 INFO [main] org.apache.catalina.core.AprLifecycleListener.initializeSSL OpenSSL successfully initialized [OpenSSL 3.0.21 9 Jun 2026]
08-Sep-2026 12:49:14.235 INFO [main] org.apache.coyote.AbstractProtocol.init Initializing ProtocolHandler ["http-nio-8080"]
08-Sep-2026 12:49:14.285 INFO [main] org.apache.catalina.startup.Catalina.load Initialization processed in 815 ms
08-Sep-2026 12:49:14.371 INFO [main] org.apache.catalina.core.StandardService.startInternal Starting service [Catalina]
08-Sep-2026 12:49:14.371 INFO [main] org.apache.catalina.core.StandardEngine.startInternal Starting Servlet engine: [Apache Tomcat/8.5.96]
08-Sep-2026 12:49:14.420 INFO [localhost-startStop-1] org.apache.catalina.startup.HostConfig.deployWAR Deploying web application archive [D:\benedictmart\benedictmart\jerome_zom\tomcat\webapps\benedictjeromemart.war]
08-Sep-2026 12:49:15.317 WARNING [localhost-startStop-1] org.apache.tomcat.util.descriptor.web.WebXml.setVersion Unknown version string [4.0]. Default version will be used.
08-Sep-2026 12:49:16.721 INFO [localhost-startStop-1] org.apache.jasper.servlet.TldScanner.scanJars At least one JAR was scanned for TLDs yet contained no TLDs. Enable debug logging for this logger for a complete list of JARs that were scanned but no TLDs were found in them. Skipping unneeded JARs during scanning can improve startup time and JSP compilation time.
08-Sep-2026 12:49:18.355 INFO [localhost-startStop-1] org.apache.catalina.startup.HostConfig.deployWAR Deployment of web application archive [D:\benedictmart\benedictmart\jerome_zom\tomcat\webapps\benedictjeromemart.war] has finished in [3,934] ms
08-Sep-2026 12:49:18.357 INFO [localhost-startStop-1] org.apache.catalina.startup.HostConfig.deployDirectory Deploying web application directory [D:\benedictmart\benedictmart\jerome_zom\tomcat\webapps\docs]
08-Sep-2026 12:49:18.425 INFO [localhost-startStop-1] org.apache.catalina.startup.HostConfig.deployDirectory Deployment of web application directory [D:\benedictmart\benedictmart\jerome_zom\tomcat\webapps\docs] has finished in [68] ms
08-Sep-2026 12:49:18.425 INFO [localhost-startStop-1] org.apache.catalina.startup.HostConfig.deployDirectory Deploying web application directory [D:\benedictmart\benedictmart\jerome_zom\tomcat\webapps\examples]
08-Sep-2026 12:49:19.255 INFO [localhost-startStop-1] org.apache.catalina.startup.HostConfig.deployDirectory Deployment of web application directory [D:\benedictmart\benedictmart\jerome_zom\tomcat\webapps\examples] has finished in [830] ms
08-Sep-2026 12:49:19.255 INFO [localhost-startStop-1] org.apache.catalina.startup.HostConfig.deployDirectory Deploying web application directory [D:\benedictmart\benedictmart\jerome_zom\tomcat\webapps\host-manager]
08-Sep-2026 12:49:19.361 INFO [localhost-startStop-1] org.apache.catalina.startup.HostConfig.deployDirectory Deployment of web application directory [D:\benedictmart\benedictmart\jerome_zom\tomcat\webapps\host-manager] has finished in [104] ms
08-Sep-2026 12:49:19.361 INFO [localhost-startStop-1] org.apache.catalina.startup.HostConfig.deployDirectory Deploying web application directory [D:\benedictmart\benedictmart\jerome_zom\tomcat\webapps\manager]
08-Sep-2026 12:49:19.468 INFO [localhost-startStop-1] org.apache.catalina.startup.HostConfig.deployDirectory Deployment of web application directory [D:\benedictmart\benedictmart\jerome_zom\tomcat\webapps\manager] has finished in [107] ms
08-Sep-2026 12:49:19.468 INFO [localhost-startStop-1] org.apache.catalina.startup.HostConfig.deployDirectory Deploying web application directory [D:\benedictmart\benedictmart\jerome_zom\tomcat\webapps\ROOT]
08-Sep-2026 12:49:19.519 INFO [localhost-startStop-1] org.apache.catalina.startup.HostConfig.deployDirectory Deployment of web application directory [D:\benedictmart\benedictmart\jerome_zom\tomcat\webapps\ROOT] has finished in [51] ms
08-Sep-2026 12:49:19.527 INFO [main] org.apache.coyote.AbstractProtocol.start Starting ProtocolHandler ["http-nio-8080"]
08-Sep-2026 12:49:19.655 INFO [main] org.apache.catalina.startup.Catalina.start Server startup in 5367 ms
08-Sep-2026 14:08:44.610 SEVERE [main] org.apache.catalina.startup.Catalina.stopServer Could not contact [localhost:8005] (base port [8005] and offset [0]). Tomcat may not be running.
08-Sep-2026 14:09:09.286 INFO [main] org.apache.catalina.startup.VersionLoggerListener.log Server version name:   Apache Tomcat/8.5.96
08-Sep-2026 14:09:09.291 INFO [main] org.apache.catalina.startup.VersionLoggerListener.log Server built:          Nov 10 2023 14:56:59 UTC
08-Sep-2026 14:09:09.291 INFO [main] org.apache.catalina.startup.VersionLoggerListener.log Server version number: 8.5.96.0
08-Sep-2026 14:09:09.291 INFO [main] org.apache.catalina.startup.VersionLoggerListener.log OS Name:               Windows 11
08-Sep-2026 14:09:09.291 INFO [main] org.apache.catalina.startup.VersionLoggerListener.log OS Version:            10.0
08-Sep-2026 14:09:09.291 INFO [main] org.apache.catalina.startup.VersionLoggerListener.log Architecture:          amd64
08-Sep-2026 14:09:09.291 INFO [main] org.apache.catalina.startup.VersionLoggerListener.log Java Home:             C:\Program Files\Eclipse Adoptium\jdk-17.0.20.8-hotspot
08-Sep-2026 14:09:09.291 INFO [main] org.apache.catalina.startup.VersionLoggerListener.log JVM Version:           17.0.20+8
08-Sep-2026 14:09:09.291 INFO [main] org.apache.catalina.startup.VersionLoggerListener.log JVM Vendor:            Eclipse Adoptium
08-Sep-2026 14:09:09.291 INFO [main] org.apache.catalina.startup.VersionLoggerListener.log CATALINA_BASE:         D:\benedictmart\benedictmart\jerome_zom\tomcat
08-Sep-2026 14:09:09.291 INFO [main] org.apache.catalina.startup.VersionLoggerListener.log CATALINA_HOME:         D:\benedictmart\benedictmart\jerome_zom\tomcat
08-Sep-2026 14:09:09.291 INFO [main] org.apache.catalina.startup.VersionLoggerListener.log Command line argument: --add-opens=java.base/java.lang=ALL-UNNAMED
08-Sep-2026 14:09:09.291 INFO [main] org.apache.catalina.startup.VersionLoggerListener.log Command line argument: --add-opens=java.base/java.io=ALL-UNNAMED
08-Sep-2026 14:09:09.291 INFO [main] org.apache.catalina.startup.VersionLoggerListener.log Command line argument: --add-opens=java.base/java.util=ALL-UNNAMED
08-Sep-2026 14:09:09.297 INFO [main] org.apache.catalina.startup.VersionLoggerListener.log Command line argument: --add-opens=java.base/java.util.concurrent=ALL-UNNAMED
08-Sep-2026 14:09:09.297 INFO [main] org.apache.catalina.startup.VersionLoggerListener.log Command line argument: --add-opens=java.rmi/sun.rmi.transport=ALL-UNNAMED
08-Sep-2026 14:09:09.297 INFO [main] org.apache.catalina.startup.VersionLoggerListener.log Command line argument: -Djava.util.logging.config.file=D:\benedictmart\benedictmart\jerome_zom\tomcat\conf\logging.properties
08-Sep-2026 14:09:09.298 INFO [main] org.apache.catalina.startup.VersionLoggerListener.log Command line argument: -Djava.util.logging.manager=org.apache.juli.ClassLoaderLogManager
08-Sep-2026 14:09:09.298 INFO [main] org.apache.catalina.startup.VersionLoggerListener.log Command line argument: -Djdk.tls.ephemeralDHKeySize=2048
08-Sep-2026 14:09:09.298 INFO [main] org.apache.catalina.startup.VersionLoggerListener.log Command line argument: -Djava.protocol.handler.pkgs=org.apache.catalina.webresources
08-Sep-2026 14:09:09.298 INFO [main] org.apache.catalina.startup.VersionLoggerListener.log Command line argument: -Dignore.endorsed.dirs=
08-Sep-2026 14:09:09.298 INFO [main] org.apache.catalina.startup.VersionLoggerListener.log Command line argument: -Dcatalina.base=D:\benedictmart\benedictmart\jerome_zom\tomcat
08-Sep-2026 14:09:09.298 INFO [main] org.apache.catalina.startup.VersionLoggerListener.log Command line argument: -Dcatalina.home=D:\benedictmart\benedictmart\jerome_zom\tomcat
08-Sep-2026 14:09:09.298 INFO [main] org.apache.catalina.startup.VersionLoggerListener.log Command line argument: -Djava.io.tmpdir=D:\benedictmart\benedictmart\jerome_zom\tomcat\temp
08-Sep-2026 14:09:09.298 INFO [main] org.apache.catalina.core.AprLifecycleListener.lifecycleEvent Loaded Apache Tomcat Native library [1.3.8] using APR version [1.7.6].
08-Sep-2026 14:09:09.298 INFO [main] org.apache.catalina.core.AprLifecycleListener.lifecycleEvent APR capabilities: IPv6 [true], sendfile [true], accept filters [false], random [true], UDS [{4}].
08-Sep-2026 14:09:09.298 INFO [main] org.apache.catalina.core.AprLifecycleListener.lifecycleEvent APR/OpenSSL configuration: useAprConnector [false], useOpenSSL [true]
08-Sep-2026 14:09:09.314 INFO [main] org.apache.catalina.core.AprLifecycleListener.initializeSSL OpenSSL successfully initialized [OpenSSL 3.0.21 9 Jun 2026]
08-Sep-2026 14:09:09.371 INFO [main] org.apache.coyote.AbstractProtocol.init Initializing ProtocolHandler ["http-nio-8080"]
08-Sep-2026 14:09:09.415 INFO [main] org.apache.catalina.startup.Catalina.load Initialization processed in 698 ms
08-Sep-2026 14:09:09.491 INFO [main] org.apache.catalina.core.StandardService.startInternal Starting service [Catalina]
08-Sep-2026 14:09:09.491 INFO [main] org.apache.catalina.core.StandardEngine.startInternal Starting Servlet engine: [Apache Tomcat/8.5.96]
08-Sep-2026 14:09:09.530 INFO [localhost-startStop-1] org.apache.catalina.startup.HostConfig.deployWAR Deploying web application archive [D:\benedictmart\benedictmart\jerome_zom\tomcat\webapps\benedictjeromemart.war]
08-Sep-2026 14:09:10.345 WARNING [localhost-startStop-1] org.apache.tomcat.util.descriptor.web.WebXml.setVersion Unknown version string [4.0]. Default version will be used.
08-Sep-2026 14:09:11.050 INFO [localhost-startStop-1] org.apache.jasper.servlet.TldScanner.scanJars At least one JAR was scanned for TLDs yet contained no TLDs. Enable debug logging for this logger for a complete list of JARs that were scanned but no TLDs were found in them. Skipping unneeded JARs during scanning can improve startup time and JSP compilation time.
08-Sep-2026 14:09:16.524 INFO [localhost-startStop-1] org.apache.catalina.startup.HostConfig.deployWAR Deployment of web application archive [D:\benedictmart\benedictmart\jerome_zom\tomcat\webapps\benedictjeromemart.war] has finished in [6,994] ms
08-Sep-2026 14:09:16.524 INFO [localhost-startStop-1] org.apache.catalina.startup.HostConfig.deployDirectory Deploying web application directory [D:\benedictmart\benedictmart\jerome_zom\tomcat\webapps\docs]
08-Sep-2026 14:09:16.607 INFO [localhost-startStop-1] org.apache.catalina.startup.HostConfig.deployDirectory Deployment of web application directory [D:\benedictmart\benedictmart\jerome_zom\tomcat\webapps\docs] has finished in [83] ms
08-Sep-2026 14:09:16.607 INFO [localhost-startStop-1] org.apache.catalina.startup.HostConfig.deployDirectory Deploying web application directory [D:\benedictmart\benedictmart\jerome_zom\tomcat\webapps\examples]
08-Sep-2026 14:09:17.414 INFO [localhost-startStop-1] org.apache.catalina.startup.HostConfig.deployDirectory Deployment of web application directory [D:\benedictmart\benedictmart\jerome_zom\tomcat\webapps\examples] has finished in [805] ms
08-Sep-2026 14:09:17.414 INFO [localhost-startStop-1] org.apache.catalina.startup.HostConfig.deployDirectory Deploying web application directory [D:\benedictmart\benedictmart\jerome_zom\tomcat\webapps\host-manager]
08-Sep-2026 14:09:17.508 INFO [localhost-startStop-1] org.apache.catalina.startup.HostConfig.deployDirectory Deployment of web application directory [D:\benedictmart\benedictmart\jerome_zom\tomcat\webapps\host-manager] has finished in [94] ms
08-Sep-2026 14:09:17.508 INFO [localhost-startStop-1] org.apache.catalina.startup.HostConfig.deployDirectory Deploying web application directory [D:\benedictmart\benedictmart\jerome_zom\tomcat\webapps\manager]
08-Sep-2026 14:09:17.622 INFO [localhost-startStop-1] org.apache.catalina.startup.HostConfig.deployDirectory Deployment of web application directory [D:\benedictmart\benedictmart\jerome_zom\tomcat\webapps\manager] has finished in [112] ms
08-Sep-2026 14:09:17.622 INFO [localhost-startStop-1] org.apache.catalina.startup.HostConfig.deployDirectory Deploying web application directory [D:\benedictmart\benedictmart\jerome_zom\tomcat\webapps\ROOT]
08-Sep-2026 14:09:17.678 INFO [localhost-startStop-1] org.apache.catalina.startup.HostConfig.deployDirectory Deployment of web application directory [D:\benedictmart\benedictmart\jerome_zom\tomcat\webapps\ROOT] has finished in [56] ms
08-Sep-2026 14:09:17.687 INFO [main] org.apache.coyote.AbstractProtocol.start Starting ProtocolHandler ["http-nio-8080"]
08-Sep-2026 14:09:17.814 INFO [main] org.apache.catalina.startup.Catalina.start Server startup in 8398 ms
08-Sep-2026 22:02:44.014 SEVERE [main] org.apache.catalina.startup.Catalina.stopServer Could not contact [localhost:8005] (base port [8005] and offset [0]). Tomcat may not be running.
08-Sep-2026 22:02:53.467 INFO [main] org.apache.catalina.startup.VersionLoggerListener.log Server version name:   Apache Tomcat/8.5.96
08-Sep-2026 22:02:53.470 INFO [main] org.apache.catalina.startup.VersionLoggerListener.log Server built:          Nov 10 2023 14:56:59 UTC
08-Sep-2026 22:02:53.471 INFO [main] org.apache.catalina.startup.VersionLoggerListener.log Server version number: 8.5.96.0
08-Sep-2026 22:02:53.471 INFO [main] org.apache.catalina.startup.VersionLoggerListener.log OS Name:               Windows 11
08-Sep-2026 22:02:53.471 INFO [main] org.apache.catalina.startup.VersionLoggerListener.log OS Version:            10.0
08-Sep-2026 22:02:53.471 INFO [main] org.apache.catalina.startup.VersionLoggerListener.log Architecture:          amd64
08-Sep-2026 22:02:53.472 INFO [main] org.apache.catalina.startup.VersionLoggerListener.log Java Home:             C:\Program Files\Eclipse Adoptium\jdk-17.0.20.8-hotspot
08-Sep-2026 22:02:53.472 INFO [main] org.apache.catalina.startup.VersionLoggerListener.log JVM Version:           17.0.20+8
08-Sep-2026 22:02:53.472 INFO [main] org.apache.catalina.startup.VersionLoggerListener.log JVM Vendor:            Eclipse Adoptium
08-Sep-2026 22:02:53.472 INFO [main] org.apache.catalina.startup.VersionLoggerListener.log CATALINA_BASE:         D:\benedictmart\benedictmart\jerome_zom\tomcat
08-Sep-2026 22:02:53.473 INFO [main] org.apache.catalina.startup.VersionLoggerListener.log CATALINA_HOME:         D:\benedictmart\benedictmart\jerome_zom\tomcat
08-Sep-2026 22:02:53.474 INFO [main] org.apache.catalina.startup.VersionLoggerListener.log Command line argument: --add-opens=java.base/java.lang=ALL-UNNAMED
08-Sep-2026 22:02:53.474 INFO [main] org.apache.catalina.startup.VersionLoggerListener.log Command line argument: --add-opens=java.base/java.io=ALL-UNNAMED
08-Sep-2026 22:02:53.474 INFO [main] org.apache.catalina.startup.VersionLoggerListener.log Command line argument: --add-opens=java.base/java.util=ALL-UNNAMED
08-Sep-2026 22:02:53.474 INFO [main] org.apache.catalina.startup.VersionLoggerListener.log Command line argument: --add-opens=java.base/java.util.concurrent=ALL-UNNAMED
08-Sep-2026 22:02:53.476 INFO [main] org.apache.catalina.startup.VersionLoggerListener.log Command line argument: --add-opens=java.rmi/sun.rmi.transport=ALL-UNNAMED
08-Sep-2026 22:02:53.476 INFO [main] org.apache.catalina.startup.VersionLoggerListener.log Command line argument: -Djava.util.logging.config.file=D:\benedictmart\benedictmart\jerome_zom\tomcat\conf\logging.properties
08-Sep-2026 22:02:53.476 INFO [main] org.apache.catalina.startup.VersionLoggerListener.log Command line argument: -Djava.util.logging.manager=org.apache.juli.ClassLoaderLogManager
08-Sep-2026 22:02:53.476 INFO [main] org.apache.catalina.startup.VersionLoggerListener.log Command line argument: -Djdk.tls.ephemeralDHKeySize=2048
08-Sep-2026 22:02:53.476 INFO [main] org.apache.catalina.startup.VersionLoggerListener.log Command line argument: -Djava.protocol.handler.pkgs=org.apache.catalina.webresources
08-Sep-2026 22:02:53.476 INFO [main] org.apache.catalina.startup.VersionLoggerListener.log Command line argument: -Dignore.endorsed.dirs=
08-Sep-2026 22:02:53.476 INFO [main] org.apache.catalina.startup.VersionLoggerListener.log Command line argument: -Dcatalina.base=D:\benedictmart\benedictmart\jerome_zom\tomcat
08-Sep-2026 22:02:53.476 INFO [main] org.apache.catalina.startup.VersionLoggerListener.log Command line argument: -Dcatalina.home=D:\benedictmart\benedictmart\jerome_zom\tomcat
08-Sep-2026 22:02:53.476 INFO [main] org.apache.catalina.startup.VersionLoggerListener.log Command line argument: -Djava.io.tmpdir=D:\benedictmart\benedictmart\jerome_zom\tomcat\temp
08-Sep-2026 22:02:53.476 INFO [main] org.apache.catalina.core.AprLifecycleListener.lifecycleEvent Loaded Apache Tomcat Native library [1.3.8] using APR version [1.7.6].
08-Sep-2026 22:02:53.477 INFO [main] org.apache.catalina.core.AprLifecycleListener.lifecycleEvent APR capabilities: IPv6 [true], sendfile [true], accept filters [false], random [true], UDS [{4}].
08-Sep-2026 22:02:53.477 INFO [main] org.apache.catalina.core.AprLifecycleListener.lifecycleEvent APR/OpenSSL configuration: useAprConnector [false], useOpenSSL [true]
08-Sep-2026 22:02:53.520 INFO [main] org.apache.catalina.core.AprLifecycleListener.initializeSSL OpenSSL successfully initialized [OpenSSL 3.0.21 9 Jun 2026]
08-Sep-2026 22:02:53.572 INFO [main] org.apache.coyote.AbstractProtocol.init Initializing ProtocolHandler ["http-nio-8080"]
08-Sep-2026 22:02:53.607 INFO [main] org.apache.catalina.startup.Catalina.load Initialization processed in 740 ms
08-Sep-2026 22:02:53.675 INFO [main] org.apache.catalina.core.StandardService.startInternal Starting service [Catalina]
08-Sep-2026 22:02:53.675 INFO [main] org.apache.catalina.core.StandardEngine.startInternal Starting Servlet engine: [Apache Tomcat/8.5.96]
08-Sep-2026 22:02:53.717 INFO [localhost-startStop-1] org.apache.catalina.startup.HostConfig.deployWAR Deploying web application archive [D:\benedictmart\benedictmart\jerome_zom\tomcat\webapps\benedictjeromemart.war]
08-Sep-2026 22:02:54.565 WARNING [localhost-startStop-1] org.apache.tomcat.util.descriptor.web.WebXml.setVersion Unknown version string [4.0]. Default version will be used.
08-Sep-2026 22:02:55.959 INFO [localhost-startStop-1] org.apache.jasper.servlet.TldScanner.scanJars At least one JAR was scanned for TLDs yet contained no TLDs. Enable debug logging for this logger for a complete list of JARs that were scanned but no TLDs were found in them. Skipping unneeded JARs during scanning can improve startup time and JSP compilation time.
08-Sep-2026 22:03:02.034 INFO [localhost-startStop-1] org.apache.catalina.startup.HostConfig.deployWAR Deployment of web application archive [D:\benedictmart\benedictmart\jerome_zom\tomcat\webapps\benedictjeromemart.war] has finished in [8,315] ms
08-Sep-2026 22:03:02.036 INFO [localhost-startStop-1] org.apache.catalina.startup.HostConfig.deployDirectory Deploying web application directory [D:\benedictmart\benedictmart\jerome_zom\tomcat\webapps\docs]
08-Sep-2026 22:03:02.119 INFO [localhost-startStop-1] org.apache.catalina.startup.HostConfig.deployDirectory Deployment of web application directory [D:\benedictmart\benedictmart\jerome_zom\tomcat\webapps\docs] has finished in [83] ms
08-Sep-2026 22:03:02.120 INFO [localhost-startStop-1] org.apache.catalina.startup.HostConfig.deployDirectory Deploying web application directory [D:\benedictmart\benedictmart\jerome_zom\tomcat\webapps\examples]
08-Sep-2026 22:03:03.721 INFO [localhost-startStop-1] org.apache.catalina.startup.HostConfig.deployDirectory Deployment of web application directory [D:\benedictmart\benedictmart\jerome_zom\tomcat\webapps\examples] has finished in [1,601] ms
08-Sep-2026 22:03:03.721 INFO [localhost-startStop-1] org.apache.catalina.startup.HostConfig.deployDirectory Deploying web application directory [D:\benedictmart\benedictmart\jerome_zom\tomcat\webapps\host-manager]
08-Sep-2026 22:03:03.834 INFO [localhost-startStop-1] org.apache.catalina.startup.HostConfig.deployDirectory Deployment of web application directory [D:\benedictmart\benedictmart\jerome_zom\tomcat\webapps\host-manager] has finished in [113] ms
08-Sep-2026 22:03:03.838 INFO [localhost-startStop-1] org.apache.catalina.startup.HostConfig.deployDirectory Deploying web application directory [D:\benedictmart\benedictmart\jerome_zom\tomcat\webapps\manager]
08-Sep-2026 22:03:03.936 INFO [localhost-startStop-1] org.apache.catalina.startup.HostConfig.deployDirectory Deployment of web application directory [D:\benedictmart\benedictmart\jerome_zom\tomcat\webapps\manager] has finished in [98] ms
08-Sep-2026 22:03:03.936 INFO [localhost-startStop-1] org.apache.catalina.startup.HostConfig.deployDirectory Deploying web application directory [D:\benedictmart\benedictmart\jerome_zom\tomcat\webapps\ROOT]
08-Sep-2026 22:03:03.979 INFO [localhost-startStop-1] org.apache.catalina.startup.HostConfig.deployDirectory Deployment of web application directory [D:\benedictmart\benedictmart\jerome_zom\tomcat\webapps\ROOT] has finished in [43] ms
08-Sep-2026 22:03:03.996 INFO [main] org.apache.coyote.AbstractProtocol.start Starting ProtocolHandler ["http-nio-8080"]
08-Sep-2026 22:03:04.133 INFO [main] org.apache.catalina.startup.Catalina.start Server startup in 10525 ms
08-Sep-2026 22:08:14.099 INFO [main] org.apache.catalina.core.StandardServer.await A valid shutdown command was received via the shutdown port. Stopping the Server instance.
08-Sep-2026 22:08:14.099 INFO [main] org.apache.coyote.AbstractProtocol.pause Pausing ProtocolHandler ["http-nio-8080"]
08-Sep-2026 22:08:14.134 INFO [main] org.apache.catalina.core.StandardService.stopInternal Stopping service [Catalina]
08-Sep-2026 22:08:14.244 WARNING [localhost-startStop-2] org.apache.catalina.loader.WebappClassLoaderBase.clearReferencesJdbc The web application [benedictjeromemart] registered the JDBC driver [org.h2.Driver] but failed to unregister it when the web application was stopped. To prevent a memory leak, the JDBC Driver has been forcibly unregistered.
08-Sep-2026 22:08:14.251 INFO [main] org.apache.coyote.AbstractProtocol.stop Stopping ProtocolHandler ["http-nio-8080"]
08-Sep-2026 22:08:14.260 INFO [main] org.apache.coyote.AbstractProtocol.destroy Destroying ProtocolHandler ["http-nio-8080"]
08-Sep-2026 22:08:26.768 INFO [main] org.apache.catalina.startup.VersionLoggerListener.log Server version name:   Apache Tomcat/8.5.96
08-Sep-2026 22:08:26.776 INFO [main] org.apache.catalina.startup.VersionLoggerListener.log Server built:          Nov 10 2023 14:56:59 UTC
08-Sep-2026 22:08:26.776 INFO [main] org.apache.catalina.startup.VersionLoggerListener.log Server version number: 8.5.96.0
08-Sep-2026 22:08:26.776 INFO [main] org.apache.catalina.startup.VersionLoggerListener.log OS Name:               Windows 11
08-Sep-2026 22:08:26.778 INFO [main] org.apache.catalina.startup.VersionLoggerListener.log OS Version:            10.0
08-Sep-2026 22:08:26.778 INFO [main] org.apache.catalina.startup.VersionLoggerListener.log Architecture:          amd64
08-Sep-2026 22:08:26.780 INFO [main] org.apache.catalina.startup.VersionLoggerListener.log Java Home:             C:\Program Files\Eclipse Adoptium\jdk-17.0.20.8-hotspot
08-Sep-2026 22:08:26.780 INFO [main] org.apache.catalina.startup.VersionLoggerListener.log JVM Version:           17.0.20+8
08-Sep-2026 22:08:26.780 INFO [main] org.apache.catalina.startup.VersionLoggerListener.log JVM Vendor:            Eclipse Adoptium
08-Sep-2026 22:08:26.780 INFO [main] org.apache.catalina.startup.VersionLoggerListener.log CATALINA_BASE:         D:\benedictmart\benedictmart\jerome_zom\tomcat
08-Sep-2026 22:08:26.780 INFO [main] org.apache.catalina.startup.VersionLoggerListener.log CATALINA_HOME:         D:\benedictmart\benedictmart\jerome_zom\tomcat
08-Sep-2026 22:08:26.784 INFO [main] org.apache.catalina.startup.VersionLoggerListener.log Command line argument: --add-opens=java.base/java.lang=ALL-UNNAMED
08-Sep-2026 22:08:26.784 INFO [main] org.apache.catalina.startup.VersionLoggerListener.log Command line argument: --add-opens=java.base/java.io=ALL-UNNAMED
08-Sep-2026 22:08:26.784 INFO [main] org.apache.catalina.startup.VersionLoggerListener.log Command line argument: --add-opens=java.base/java.util=ALL-UNNAMED
08-Sep-2026 22:08:26.786 INFO [main] org.apache.catalina.startup.VersionLoggerListener.log Command line argument: --add-opens=java.base/java.util.concurrent=ALL-UNNAMED
08-Sep-2026 22:08:26.786 INFO [main] org.apache.catalina.startup.VersionLoggerListener.log Command line argument: --add-opens=java.rmi/sun.rmi.transport=ALL-UNNAMED
08-Sep-2026 22:08:26.786 INFO [main] org.apache.catalina.startup.VersionLoggerListener.log Command line argument: -Djava.util.logging.config.file=D:\benedictmart\benedictmart\jerome_zom\tomcat\conf\logging.properties
08-Sep-2026 22:08:26.788 INFO [main] org.apache.catalina.startup.VersionLoggerListener.log Command line argument: -Djava.util.logging.manager=org.apache.juli.ClassLoaderLogManager
08-Sep-2026 22:08:26.788 INFO [main] org.apache.catalina.startup.VersionLoggerListener.log Command line argument: -Djdk.tls.ephemeralDHKeySize=2048
08-Sep-2026 22:08:26.788 INFO [main] org.apache.catalina.startup.VersionLoggerListener.log Command line argument: -Djava.protocol.handler.pkgs=org.apache.catalina.webresources
08-Sep-2026 22:08:26.788 INFO [main] org.apache.catalina.startup.VersionLoggerListener.log Command line argument: -Dignore.endorsed.dirs=
08-Sep-2026 22:08:26.788 INFO [main] org.apache.catalina.startup.VersionLoggerListener.log Command line argument: -Dcatalina.base=D:\benedictmart\benedictmart\jerome_zom\tomcat
08-Sep-2026 22:08:26.791 INFO [main] org.apache.catalina.startup.VersionLoggerListener.log Command line argument: -Dcatalina.home=D:\benedictmart\benedictmart\jerome_zom\tomcat
08-Sep-2026 22:08:26.791 INFO [main] org.apache.catalina.startup.VersionLoggerListener.log Command line argument: -Djava.io.tmpdir=D:\benedictmart\benedictmart\jerome_zom\tomcat\temp
08-Sep-2026 22:08:26.791 INFO [main] org.apache.catalina.core.AprLifecycleListener.lifecycleEvent Loaded Apache Tomcat Native library [1.3.8] using APR version [1.7.6].
08-Sep-2026 22:08:26.791 INFO [main] org.apache.catalina.core.AprLifecycleListener.lifecycleEvent APR capabilities: IPv6 [true], sendfile [true], accept filters [false], random [true], UDS [{4}].
08-Sep-2026 22:08:26.791 INFO [main] org.apache.catalina.core.AprLifecycleListener.lifecycleEvent APR/OpenSSL configuration: useAprConnector [false], useOpenSSL [true]
08-Sep-2026 22:08:26.804 INFO [main] org.apache.catalina.core.AprLifecycleListener.initializeSSL OpenSSL successfully initialized [OpenSSL 3.0.21 9 Jun 2026]
08-Sep-2026 22:08:26.899 INFO [main] org.apache.coyote.AbstractProtocol.init Initializing ProtocolHandler ["http-nio-8080"]
08-Sep-2026 22:08:26.969 INFO [main] org.apache.catalina.startup.Catalina.load Initialization processed in 1086 ms
08-Sep-2026 22:08:27.095 INFO [main] org.apache.catalina.core.StandardService.startInternal Starting service [Catalina]
08-Sep-2026 22:08:27.097 INFO [main] org.apache.catalina.core.StandardEngine.startInternal Starting Servlet engine: [Apache Tomcat/8.5.96]
08-Sep-2026 22:08:27.173 INFO [localhost-startStop-1] org.apache.catalina.startup.HostConfig.deployWAR Deploying web application archive [D:\benedictmart\benedictmart\jerome_zom\tomcat\webapps\benedictjeromemart.war]
08-Sep-2026 22:08:28.601 WARNING [localhost-startStop-1] org.apache.tomcat.util.descriptor.web.WebXml.setVersion Unknown version string [4.0]. Default version will be used.
08-Sep-2026 22:08:29.982 INFO [localhost-startStop-1] org.apache.jasper.servlet.TldScanner.scanJars At least one JAR was scanned for TLDs yet contained no TLDs. Enable debug logging for this logger for a complete list of JARs that were scanned but no TLDs were found in them. Skipping unneeded JARs during scanning can improve startup time and JSP compilation time.
08-Sep-2026 22:08:31.630 INFO [localhost-startStop-1] org.apache.catalina.startup.HostConfig.deployWAR Deployment of web application archive [D:\benedictmart\benedictmart\jerome_zom\tomcat\webapps\benedictjeromemart.war] has finished in [4,457] ms
08-Sep-2026 22:08:31.630 INFO [localhost-startStop-1] org.apache.catalina.startup.HostConfig.deployDirectory Deploying web application directory [D:\benedictmart\benedictmart\jerome_zom\tomcat\webapps\docs]
08-Sep-2026 22:08:31.719 INFO [localhost-startStop-1] org.apache.catalina.startup.HostConfig.deployDirectory Deployment of web application directory [D:\benedictmart\benedictmart\jerome_zom\tomcat\webapps\docs] has finished in [89] ms
08-Sep-2026 22:08:31.721 INFO [localhost-startStop-1] org.apache.catalina.startup.HostConfig.deployDirectory Deploying web application directory [D:\benedictmart\benedictmart\jerome_zom\tomcat\webapps\examples]
08-Sep-2026 22:08:32.576 INFO [localhost-startStop-1] org.apache.catalina.startup.HostConfig.deployDirectory Deployment of web application directory [D:\benedictmart\benedictmart\jerome_zom\tomcat\webapps\examples] has finished in [855] ms
08-Sep-2026 22:08:32.576 INFO [localhost-startStop-1] org.apache.catalina.startup.HostConfig.deployDirectory Deploying web application directory [D:\benedictmart\benedictmart\jerome_zom\tomcat\webapps\host-manager]
08-Sep-2026 22:08:32.677 INFO [localhost-startStop-1] org.apache.catalina.startup.HostConfig.deployDirectory Deployment of web application directory [D:\benedictmart\benedictmart\jerome_zom\tomcat\webapps\host-manager] has finished in [101] ms
08-Sep-2026 22:08:32.677 INFO [localhost-startStop-1] org.apache.catalina.startup.HostConfig.deployDirectory Deploying web application directory [D:\benedictmart\benedictmart\jerome_zom\tomcat\webapps\manager]
08-Sep-2026 22:08:32.789 INFO [localhost-startStop-1] org.apache.catalina.startup.HostConfig.deployDirectory Deployment of web application directory [D:\benedictmart\benedictmart\jerome_zom\tomcat\webapps\manager] has finished in [107] ms
08-Sep-2026 22:08:32.789 INFO [localhost-startStop-1] org.apache.catalina.startup.HostConfig.deployDirectory Deploying web application directory [D:\benedictmart\benedictmart\jerome_zom\tomcat\webapps\ROOT]
08-Sep-2026 22:08:32.857 INFO [localhost-startStop-1] org.apache.catalina.startup.HostConfig.deployDirectory Deployment of web application directory [D:\benedictmart\benedictmart\jerome_zom\tomcat\webapps\ROOT] has finished in [68] ms
08-Sep-2026 22:08:32.865 INFO [main] org.apache.coyote.AbstractProtocol.start Starting ProtocolHandler ["http-nio-8080"]
08-Sep-2026 22:08:33.000 INFO [main] org.apache.catalina.startup.Catalina.start Server startup in 6034 ms
08-Sep-2026 22:32:30.756 INFO [main] org.apache.catalina.core.StandardServer.await A valid shutdown command was received via the shutdown port. Stopping the Server instance.
08-Sep-2026 22:32:30.761 INFO [main] org.apache.coyote.AbstractProtocol.pause Pausing ProtocolHandler ["http-nio-8080"]
08-Sep-2026 22:32:30.783 INFO [main] org.apache.catalina.core.StandardService.stopInternal Stopping service [Catalina]
08-Sep-2026 22:32:30.920 WARNING [localhost-startStop-2] org.apache.catalina.loader.WebappClassLoaderBase.clearReferencesJdbc The web application [benedictjeromemart] registered the JDBC driver [org.h2.Driver] but failed to unregister it when the web application was stopped. To prevent a memory leak, the JDBC Driver has been forcibly unregistered.
08-Sep-2026 22:32:30.934 INFO [main] org.apache.coyote.AbstractProtocol.stop Stopping ProtocolHandler ["http-nio-8080"]
08-Sep-2026 22:32:30.955 INFO [main] org.apache.coyote.AbstractProtocol.destroy Destroying ProtocolHandler ["http-nio-8080"]
08-Sep-2026 22:32:44.723 INFO [main] org.apache.catalina.startup.VersionLoggerListener.log Server version name:   Apache Tomcat/8.5.96
08-Sep-2026 22:32:44.727 INFO [main] org.apache.catalina.startup.VersionLoggerListener.log Server built:          Nov 10 2023 14:56:59 UTC
08-Sep-2026 22:32:44.727 INFO [main] org.apache.catalina.startup.VersionLoggerListener.log Server version number: 8.5.96.0
08-Sep-2026 22:32:44.727 INFO [main] org.apache.catalina.startup.VersionLoggerListener.log OS Name:               Windows 11
08-Sep-2026 22:32:44.727 INFO [main] org.apache.catalina.startup.VersionLoggerListener.log OS Version:            10.0
08-Sep-2026 22:32:44.727 INFO [main] org.apache.catalina.startup.VersionLoggerListener.log Architecture:          amd64
08-Sep-2026 22:32:44.727 INFO [main] org.apache.catalina.startup.VersionLoggerListener.log Java Home:             C:\Program Files\Eclipse Adoptium\jdk-17.0.20.8-hotspot
08-Sep-2026 22:32:44.732 INFO [main] org.apache.catalina.startup.VersionLoggerListener.log JVM Version:           17.0.20+8
08-Sep-2026 22:32:44.732 INFO [main] org.apache.catalina.startup.VersionLoggerListener.log JVM Vendor:            Eclipse Adoptium
08-Sep-2026 22:32:44.732 INFO [main] org.apache.catalina.startup.VersionLoggerListener.log CATALINA_BASE:         D:\benedictmart\benedictmart\jerome_zom\tomcat
08-Sep-2026 22:32:44.732 INFO [main] org.apache.catalina.startup.VersionLoggerListener.log CATALINA_HOME:         D:\benedictmart\benedictmart\jerome_zom\tomcat
08-Sep-2026 22:32:44.732 INFO [main] org.apache.catalina.startup.VersionLoggerListener.log Command line argument: --add-opens=java.base/java.lang=ALL-UNNAMED
08-Sep-2026 22:32:44.732 INFO [main] org.apache.catalina.startup.VersionLoggerListener.log Command line argument: --add-opens=java.base/java.io=ALL-UNNAMED
08-Sep-2026 22:32:44.732 INFO [main] org.apache.catalina.startup.VersionLoggerListener.log Command line argument: --add-opens=java.base/java.util=ALL-UNNAMED
08-Sep-2026 22:32:44.732 INFO [main] org.apache.catalina.startup.VersionLoggerListener.log Command line argument: --add-opens=java.base/java.util.concurrent=ALL-UNNAMED
08-Sep-2026 22:32:44.732 INFO [main] org.apache.catalina.startup.VersionLoggerListener.log Command line argument: --add-opens=java.rmi/sun.rmi.transport=ALL-UNNAMED
08-Sep-2026 22:32:44.732 INFO [main] org.apache.catalina.startup.VersionLoggerListener.log Command line argument: -Djava.util.logging.config.file=D:\benedictmart\benedictmart\jerome_zom\tomcat\conf\logging.properties
08-Sep-2026 22:32:44.732 INFO [main] org.apache.catalina.startup.VersionLoggerListener.log Command line argument: -Djava.util.logging.manager=org.apache.juli.ClassLoaderLogManager
08-Sep-2026 22:32:44.732 INFO [main] org.apache.catalina.startup.VersionLoggerListener.log Command line argument: -Djdk.tls.ephemeralDHKeySize=2048
08-Sep-2026 22:32:44.732 INFO [main] org.apache.catalina.startup.VersionLoggerListener.log Command line argument: -Djava.protocol.handler.pkgs=org.apache.catalina.webresources
08-Sep-2026 22:32:44.732 INFO [main] org.apache.catalina.startup.VersionLoggerListener.log Command line argument: -Dignore.endorsed.dirs=
08-Sep-2026 22:32:44.732 INFO [main] org.apache.catalina.startup.VersionLoggerListener.log Command line argument: -Dcatalina.base=D:\benedictmart\benedictmart\jerome_zom\tomcat
08-Sep-2026 22:32:44.732 INFO [main] org.apache.catalina.startup.VersionLoggerListener.log Command line argument: -Dcatalina.home=D:\benedictmart\benedictmart\jerome_zom\tomcat
08-Sep-2026 22:32:44.737 INFO [main] org.apache.catalina.startup.VersionLoggerListener.log Command line argument: -Djava.io.tmpdir=D:\benedictmart\benedictmart\jerome_zom\tomcat\temp
08-Sep-2026 22:32:44.737 INFO [main] org.apache.catalina.core.AprLifecycleListener.lifecycleEvent Loaded Apache Tomcat Native library [1.3.8] using APR version [1.7.6].
08-Sep-2026 22:32:44.737 INFO [main] org.apache.catalina.core.AprLifecycleListener.lifecycleEvent APR capabilities: IPv6 [true], sendfile [true], accept filters [false], random [true], UDS [{4}].
08-Sep-2026 22:32:44.737 INFO [main] org.apache.catalina.core.AprLifecycleListener.lifecycleEvent APR/OpenSSL configuration: useAprConnector [false], useOpenSSL [true]
08-Sep-2026 22:32:44.744 INFO [main] org.apache.catalina.core.AprLifecycleListener.initializeSSL OpenSSL successfully initialized [OpenSSL 3.0.21 9 Jun 2026]
08-Sep-2026 22:32:44.798 INFO [main] org.apache.coyote.AbstractProtocol.init Initializing ProtocolHandler ["http-nio-8080"]
08-Sep-2026 22:32:44.835 INFO [main] org.apache.catalina.startup.Catalina.load Initialization processed in 695 ms
08-Sep-2026 22:32:44.906 INFO [main] org.apache.catalina.core.StandardService.startInternal Starting service [Catalina]
08-Sep-2026 22:32:44.906 INFO [main] org.apache.catalina.core.StandardEngine.startInternal Starting Servlet engine: [Apache Tomcat/8.5.96]
08-Sep-2026 22:32:44.939 INFO [localhost-startStop-1] org.apache.catalina.startup.HostConfig.deployWAR Deploying web application archive [D:\benedictmart\benedictmart\jerome_zom\tomcat\webapps\benedictjeromemart.war]
08-Sep-2026 22:32:45.835 WARNING [localhost-startStop-1] org.apache.tomcat.util.descriptor.web.WebXml.setVersion Unknown version string [4.0]. Default version will be used.
08-Sep-2026 22:32:47.180 INFO [localhost-startStop-1] org.apache.jasper.servlet.TldScanner.scanJars At least one JAR was scanned for TLDs yet contained no TLDs. Enable debug logging for this logger for a complete list of JARs that were scanned but no TLDs were found in them. Skipping unneeded JARs during scanning can improve startup time and JSP compilation time.
08-Sep-2026 22:32:48.820 INFO [localhost-startStop-1] org.apache.catalina.startup.HostConfig.deployWAR Deployment of web application archive [D:\benedictmart\benedictmart\jerome_zom\tomcat\webapps\benedictjeromemart.war] has finished in [3,881] ms
08-Sep-2026 22:32:48.824 INFO [localhost-startStop-1] org.apache.catalina.startup.HostConfig.deployDirectory Deploying web application directory [D:\benedictmart\benedictmart\jerome_zom\tomcat\webapps\docs]
08-Sep-2026 22:32:48.892 INFO [localhost-startStop-1] org.apache.catalina.startup.HostConfig.deployDirectory Deployment of web application directory [D:\benedictmart\benedictmart\jerome_zom\tomcat\webapps\docs] has finished in [68] ms
08-Sep-2026 22:32:48.892 INFO [localhost-startStop-1] org.apache.catalina.startup.HostConfig.deployDirectory Deploying web application directory [D:\benedictmart\benedictmart\jerome_zom\tomcat\webapps\examples]
08-Sep-2026 22:32:49.631 INFO [localhost-startStop-1] org.apache.catalina.startup.HostConfig.deployDirectory Deployment of web application directory [D:\benedictmart\benedictmart\jerome_zom\tomcat\webapps\examples] has finished in [739] ms
08-Sep-2026 22:32:49.631 INFO [localhost-startStop-1] org.apache.catalina.startup.HostConfig.deployDirectory Deploying web application directory [D:\benedictmart\benedictmart\jerome_zom\tomcat\webapps\host-manager]
08-Sep-2026 22:32:49.715 INFO [localhost-startStop-1] org.apache.catalina.startup.HostConfig.deployDirectory Deployment of web application directory [D:\benedictmart\benedictmart\jerome_zom\tomcat\webapps\host-manager] has finished in [84] ms
08-Sep-2026 22:32:49.715 INFO [localhost-startStop-1] org.apache.catalina.startup.HostConfig.deployDirectory Deploying web application directory [D:\benedictmart\benedictmart\jerome_zom\tomcat\webapps\manager]
08-Sep-2026 22:32:49.817 INFO [localhost-startStop-1] org.apache.catalina.startup.HostConfig.deployDirectory Deployment of web application directory [D:\benedictmart\benedictmart\jerome_zom\tomcat\webapps\manager] has finished in [102] ms
08-Sep-2026 22:32:49.817 INFO [localhost-startStop-1] org.apache.catalina.startup.HostConfig.deployDirectory Deploying web application directory [D:\benedictmart\benedictmart\jerome_zom\tomcat\webapps\ROOT]
08-Sep-2026 22:32:49.866 INFO [localhost-startStop-1] org.apache.catalina.startup.HostConfig.deployDirectory Deployment of web application directory [D:\benedictmart\benedictmart\jerome_zom\tomcat\webapps\ROOT] has finished in [49] ms
08-Sep-2026 22:32:49.879 INFO [main] org.apache.coyote.AbstractProtocol.start Starting ProtocolHandler ["http-nio-8080"]
08-Sep-2026 22:32:50.035 INFO [main] org.apache.catalina.startup.Catalina.start Server startup in 5198 ms
08-Sep-2026 22:36:34.654 INFO [main] org.apache.catalina.core.StandardServer.await A valid shutdown command was received via the shutdown port. Stopping the Server instance.
08-Sep-2026 22:36:34.656 INFO [main] org.apache.coyote.AbstractProtocol.pause Pausing ProtocolHandler ["http-nio-8080"]
08-Sep-2026 22:36:34.676 INFO [main] org.apache.catalina.core.StandardService.stopInternal Stopping service [Catalina]
08-Sep-2026 22:36:34.767 WARNING [localhost-startStop-2] org.apache.catalina.loader.WebappClassLoaderBase.clearReferencesJdbc The web application [benedictjeromemart] registered the JDBC driver [org.h2.Driver] but failed to unregister it when the web application was stopped. To prevent a memory leak, the JDBC Driver has been forcibly unregistered.
08-Sep-2026 22:36:34.797 INFO [main] org.apache.coyote.AbstractProtocol.stop Stopping ProtocolHandler ["http-nio-8080"]
08-Sep-2026 22:36:34.808 INFO [main] org.apache.coyote.AbstractProtocol.destroy Destroying ProtocolHandler ["http-nio-8080"]
08-Sep-2026 22:36:46.634 INFO [main] org.apache.catalina.startup.VersionLoggerListener.log Server version name:   Apache Tomcat/8.5.96
08-Sep-2026 22:36:46.642 INFO [main] org.apache.catalina.startup.VersionLoggerListener.log Server built:          Nov 10 2023 14:56:59 UTC
08-Sep-2026 22:36:46.642 INFO [main] org.apache.catalina.startup.VersionLoggerListener.log Server version number: 8.5.96.0
08-Sep-2026 22:36:46.642 INFO [main] org.apache.catalina.startup.VersionLoggerListener.log OS Name:               Windows 11
08-Sep-2026 22:36:46.644 INFO [main] org.apache.catalina.startup.VersionLoggerListener.log OS Version:            10.0
08-Sep-2026 22:36:46.644 INFO [main] org.apache.catalina.startup.VersionLoggerListener.log Architecture:          amd64
08-Sep-2026 22:36:46.644 INFO [main] org.apache.catalina.startup.VersionLoggerListener.log Java Home:             C:\Program Files\Eclipse Adoptium\jdk-17.0.20.8-hotspot
08-Sep-2026 22:36:46.644 INFO [main] org.apache.catalina.startup.VersionLoggerListener.log JVM Version:           17.0.20+8
08-Sep-2026 22:36:46.646 INFO [main] org.apache.catalina.startup.VersionLoggerListener.log JVM Vendor:            Eclipse Adoptium
08-Sep-2026 22:36:46.646 INFO [main] org.apache.catalina.startup.VersionLoggerListener.log CATALINA_BASE:         D:\benedictmart\benedictmart\jerome_zom\tomcat
08-Sep-2026 22:36:46.646 INFO [main] org.apache.catalina.startup.VersionLoggerListener.log CATALINA_HOME:         D:\benedictmart\benedictmart\jerome_zom\tomcat
08-Sep-2026 22:36:46.646 INFO [main] org.apache.catalina.startup.VersionLoggerListener.log Command line argument: --add-opens=java.base/java.lang=ALL-UNNAMED
08-Sep-2026 22:36:46.649 INFO [main] org.apache.catalina.startup.VersionLoggerListener.log Command line argument: --add-opens=java.base/java.io=ALL-UNNAMED
08-Sep-2026 22:36:46.649 INFO [main] org.apache.catalina.startup.VersionLoggerListener.log Command line argument: --add-opens=java.base/java.util=ALL-UNNAMED
08-Sep-2026 22:36:46.649 INFO [main] org.apache.catalina.startup.VersionLoggerListener.log Command line argument: --add-opens=java.base/java.util.concurrent=ALL-UNNAMED
08-Sep-2026 22:36:46.649 INFO [main] org.apache.catalina.startup.VersionLoggerListener.log Command line argument: --add-opens=java.rmi/sun.rmi.transport=ALL-UNNAMED
08-Sep-2026 22:36:46.650 INFO [main] org.apache.catalina.startup.VersionLoggerListener.log Command line argument: -Djava.util.logging.config.file=D:\benedictmart\benedictmart\jerome_zom\tomcat\conf\logging.properties
08-Sep-2026 22:36:46.650 INFO [main] org.apache.catalina.startup.VersionLoggerListener.log Command line argument: -Djava.util.logging.manager=org.apache.juli.ClassLoaderLogManager
08-Sep-2026 22:36:46.650 INFO [main] org.apache.catalina.startup.VersionLoggerListener.log Command line argument: -Djdk.tls.ephemeralDHKeySize=2048
08-Sep-2026 22:36:46.651 INFO [main] org.apache.catalina.startup.VersionLoggerListener.log Command line argument: -Djava.protocol.handler.pkgs=org.apache.catalina.webresources
08-Sep-2026 22:36:46.651 INFO [main] org.apache.catalina.startup.VersionLoggerListener.log Command line argument: -Dignore.endorsed.dirs=
08-Sep-2026 22:36:46.651 INFO [main] org.apache.catalina.startup.VersionLoggerListener.log Command line argument: -Dcatalina.base=D:\benedictmart\benedictmart\jerome_zom\tomcat
08-Sep-2026 22:36:46.651 INFO [main] org.apache.catalina.startup.VersionLoggerListener.log Command line argument: -Dcatalina.home=D:\benedictmart\benedictmart\jerome_zom\tomcat
08-Sep-2026 22:36:46.651 INFO [main] org.apache.catalina.startup.VersionLoggerListener.log Command line argument: -Djava.io.tmpdir=D:\benedictmart\benedictmart\jerome_zom\tomcat\temp
08-Sep-2026 22:36:46.651 INFO [main] org.apache.catalina.core.AprLifecycleListener.lifecycleEvent Loaded Apache Tomcat Native library [1.3.8] using APR version [1.7.6].
08-Sep-2026 22:36:46.654 INFO [main] org.apache.catalina.core.AprLifecycleListener.lifecycleEvent APR capabilities: IPv6 [true], sendfile [true], accept filters [false], random [true], UDS [{4}].
08-Sep-2026 22:36:46.654 INFO [main] org.apache.catalina.core.AprLifecycleListener.lifecycleEvent APR/OpenSSL configuration: useAprConnector [false], useOpenSSL [true]
08-Sep-2026 22:36:46.663 INFO [main] org.apache.catalina.core.AprLifecycleListener.initializeSSL OpenSSL successfully initialized [OpenSSL 3.0.21 9 Jun 2026]
08-Sep-2026 22:36:46.726 INFO [main] org.apache.coyote.AbstractProtocol.init Initializing ProtocolHandler ["http-nio-8080"]
08-Sep-2026 22:36:46.775 INFO [main] org.apache.catalina.startup.Catalina.load Initialization processed in 811 ms
08-Sep-2026 22:36:46.857 INFO [main] org.apache.catalina.core.StandardService.startInternal Starting service [Catalina]
08-Sep-2026 22:36:46.857 INFO [main] org.apache.catalina.core.StandardEngine.startInternal Starting Servlet engine: [Apache Tomcat/8.5.96]
08-Sep-2026 22:36:46.903 INFO [localhost-startStop-1] org.apache.catalina.startup.HostConfig.deployWAR Deploying web application archive [D:\benedictmart\benedictmart\jerome_zom\tomcat\webapps\benedictjeromemart.war]
08-Sep-2026 22:36:47.715 WARNING [localhost-startStop-1] org.apache.tomcat.util.descriptor.web.WebXml.setVersion Unknown version string [4.0]. Default version will be used.
08-Sep-2026 22:36:49.208 INFO [localhost-startStop-1] org.apache.jasper.servlet.TldScanner.scanJars At least one JAR was scanned for TLDs yet contained no TLDs. Enable debug logging for this logger for a complete list of JARs that were scanned but no TLDs were found in them. Skipping unneeded JARs during scanning can improve startup time and JSP compilation time.
08-Sep-2026 22:36:50.865 INFO [localhost-startStop-1] org.apache.catalina.startup.HostConfig.deployWAR Deployment of web application archive [D:\benedictmart\benedictmart\jerome_zom\tomcat\webapps\benedictjeromemart.war] has finished in [3,959] ms
08-Sep-2026 22:36:50.874 INFO [localhost-startStop-1] org.apache.catalina.startup.HostConfig.deployDirectory Deploying web application directory [D:\benedictmart\benedictmart\jerome_zom\tomcat\webapps\docs]
08-Sep-2026 22:36:50.946 INFO [localhost-startStop-1] org.apache.catalina.startup.HostConfig.deployDirectory Deployment of web application directory [D:\benedictmart\benedictmart\jerome_zom\tomcat\webapps\docs] has finished in [78] ms
08-Sep-2026 22:36:50.946 INFO [localhost-startStop-1] org.apache.catalina.startup.HostConfig.deployDirectory Deploying web application directory [D:\benedictmart\benedictmart\jerome_zom\tomcat\webapps\examples]
08-Sep-2026 22:36:51.714 INFO [localhost-startStop-1] org.apache.catalina.startup.HostConfig.deployDirectory Deployment of web application directory [D:\benedictmart\benedictmart\jerome_zom\tomcat\webapps\examples] has finished in [768] ms
08-Sep-2026 22:36:51.714 INFO [localhost-startStop-1] org.apache.catalina.startup.HostConfig.deployDirectory Deploying web application directory [D:\benedictmart\benedictmart\jerome_zom\tomcat\webapps\host-manager]
08-Sep-2026 22:36:51.806 INFO [localhost-startStop-1] org.apache.catalina.startup.HostConfig.deployDirectory Deployment of web application directory [D:\benedictmart\benedictmart\jerome_zom\tomcat\webapps\host-manager] has finished in [91] ms
08-Sep-2026 22:36:51.806 INFO [localhost-startStop-1] org.apache.catalina.startup.HostConfig.deployDirectory Deploying web application directory [D:\benedictmart\benedictmart\jerome_zom\tomcat\webapps\manager]
08-Sep-2026 22:36:51.955 INFO [localhost-startStop-1] org.apache.catalina.startup.HostConfig.deployDirectory Deployment of web application directory [D:\benedictmart\benedictmart\jerome_zom\tomcat\webapps\manager] has finished in [149] ms
08-Sep-2026 22:36:51.971 INFO [localhost-startStop-1] org.apache.catalina.startup.HostConfig.deployDirectory Deploying web application directory [D:\benedictmart\benedictmart\jerome_zom\tomcat\webapps\ROOT]
08-Sep-2026 22:36:52.150 INFO [localhost-startStop-1] org.apache.catalina.startup.HostConfig.deployDirectory Deployment of web application directory [D:\benedictmart\benedictmart\jerome_zom\tomcat\webapps\ROOT] has finished in [181] ms
08-Sep-2026 22:36:52.171 INFO [main] org.apache.coyote.AbstractProtocol.start Starting ProtocolHandler ["http-nio-8080"]
08-Sep-2026 22:36:52.328 INFO [main] org.apache.catalina.startup.Catalina.start Server startup in 5552 ms
08-Sep-2026 22:44:45.649 INFO [main] org.apache.catalina.core.StandardServer.await A valid shutdown command was received via the shutdown port. Stopping the Server instance.
08-Sep-2026 22:44:45.650 INFO [main] org.apache.coyote.AbstractProtocol.pause Pausing ProtocolHandler ["http-nio-8080"]
08-Sep-2026 22:44:45.673 INFO [main] org.apache.catalina.core.StandardService.stopInternal Stopping service [Catalina]
08-Sep-2026 22:44:45.728 WARNING [localhost-startStop-2] org.apache.catalina.loader.WebappClassLoaderBase.clearReferencesJdbc The web application [benedictjeromemart] registered the JDBC driver [org.h2.Driver] but failed to unregister it when the web application was stopped. To prevent a memory leak, the JDBC Driver has been forcibly unregistered.
08-Sep-2026 22:44:45.738 INFO [main] org.apache.coyote.AbstractProtocol.stop Stopping ProtocolHandler ["http-nio-8080"]
08-Sep-2026 22:44:45.759 INFO [main] org.apache.coyote.AbstractProtocol.destroy Destroying ProtocolHandler ["http-nio-8080"]
08-Sep-2026 22:45:02.615 INFO [main] org.apache.catalina.startup.VersionLoggerListener.log Server version name:   Apache Tomcat/8.5.96
08-Sep-2026 22:45:02.619 INFO [main] org.apache.catalina.startup.VersionLoggerListener.log Server built:          Nov 10 2023 14:56:59 UTC
08-Sep-2026 22:45:02.620 INFO [main] org.apache.catalina.startup.VersionLoggerListener.log Server version number: 8.5.96.0
08-Sep-2026 22:45:02.620 INFO [main] org.apache.catalina.startup.VersionLoggerListener.log OS Name:               Windows 11
08-Sep-2026 22:45:02.620 INFO [main] org.apache.catalina.startup.VersionLoggerListener.log OS Version:            10.0
08-Sep-2026 22:45:02.621 INFO [main] org.apache.catalina.startup.VersionLoggerListener.log Architecture:          amd64
08-Sep-2026 22:45:02.621 INFO [main] org.apache.catalina.startup.VersionLoggerListener.log Java Home:             C:\Program Files\Eclipse Adoptium\jdk-17.0.20.8-hotspot
08-Sep-2026 22:45:02.621 INFO [main] org.apache.catalina.startup.VersionLoggerListener.log JVM Version:           17.0.20+8
08-Sep-2026 22:45:02.622 INFO [main] org.apache.catalina.startup.VersionLoggerListener.log JVM Vendor:            Eclipse Adoptium
08-Sep-2026 22:45:02.622 INFO [main] org.apache.catalina.startup.VersionLoggerListener.log CATALINA_BASE:         D:\benedictmart\benedictmart\jerome_zom\tomcat
08-Sep-2026 22:45:02.622 INFO [main] org.apache.catalina.startup.VersionLoggerListener.log CATALINA_HOME:         D:\benedictmart\benedictmart\jerome_zom\tomcat
08-Sep-2026 22:45:02.624 INFO [main] org.apache.catalina.startup.VersionLoggerListener.log Command line argument: --add-opens=java.base/java.lang=ALL-UNNAMED
08-Sep-2026 22:45:02.624 INFO [main] org.apache.catalina.startup.VersionLoggerListener.log Command line argument: --add-opens=java.base/java.io=ALL-UNNAMED
08-Sep-2026 22:45:02.625 INFO [main] org.apache.catalina.startup.VersionLoggerListener.log Command line argument: --add-opens=java.base/java.util=ALL-UNNAMED
08-Sep-2026 22:45:02.625 INFO [main] org.apache.catalina.startup.VersionLoggerListener.log Command line argument: --add-opens=java.base/java.util.concurrent=ALL-UNNAMED
08-Sep-2026 22:45:02.625 INFO [main] org.apache.catalina.startup.VersionLoggerListener.log Command line argument: --add-opens=java.rmi/sun.rmi.transport=ALL-UNNAMED
08-Sep-2026 22:45:02.626 INFO [main] org.apache.catalina.startup.VersionLoggerListener.log Command line argument: -Djava.util.logging.config.file=D:\benedictmart\benedictmart\jerome_zom\tomcat\conf\logging.properties
08-Sep-2026 22:45:02.626 INFO [main] org.apache.catalina.startup.VersionLoggerListener.log Command line argument: -Djava.util.logging.manager=org.apache.juli.ClassLoaderLogManager
08-Sep-2026 22:45:02.627 INFO [main] org.apache.catalina.startup.VersionLoggerListener.log Command line argument: -Djdk.tls.ephemeralDHKeySize=2048
08-Sep-2026 22:45:02.627 INFO [main] org.apache.catalina.startup.VersionLoggerListener.log Command line argument: -Djava.protocol.handler.pkgs=org.apache.catalina.webresources
08-Sep-2026 22:45:02.627 INFO [main] org.apache.catalina.startup.VersionLoggerListener.log Command line argument: -Dignore.endorsed.dirs=
08-Sep-2026 22:45:02.628 INFO [main] org.apache.catalina.startup.VersionLoggerListener.log Command line argument: -Dcatalina.base=D:\benedictmart\benedictmart\jerome_zom\tomcat
08-Sep-2026 22:45:02.628 INFO [main] org.apache.catalina.startup.VersionLoggerListener.log Command line argument: -Dcatalina.home=D:\benedictmart\benedictmart\jerome_zom\tomcat
08-Sep-2026 22:45:02.628 INFO [main] org.apache.catalina.startup.VersionLoggerListener.log Command line argument: -Djava.io.tmpdir=D:\benedictmart\benedictmart\jerome_zom\tomcat\temp
08-Sep-2026 22:45:02.629 INFO [main] org.apache.catalina.core.AprLifecycleListener.lifecycleEvent Loaded Apache Tomcat Native library [1.3.8] using APR version [1.7.6].
08-Sep-2026 22:45:02.629 INFO [main] org.apache.catalina.core.AprLifecycleListener.lifecycleEvent APR capabilities: IPv6 [true], sendfile [true], accept filters [false], random [true], UDS [{4}].
08-Sep-2026 22:45:02.629 INFO [main] org.apache.catalina.core.AprLifecycleListener.lifecycleEvent APR/OpenSSL configuration: useAprConnector [false], useOpenSSL [true]
08-Sep-2026 22:45:02.638 INFO [main] org.apache.catalina.core.AprLifecycleListener.initializeSSL OpenSSL successfully initialized [OpenSSL 3.0.21 9 Jun 2026]
08-Sep-2026 22:45:02.698 INFO [main] org.apache.coyote.AbstractProtocol.init Initializing ProtocolHandler ["http-nio-8080"]
08-Sep-2026 22:45:02.738 INFO [main] org.apache.catalina.startup.Catalina.load Initialization processed in 636 ms
08-Sep-2026 22:45:02.814 INFO [main] org.apache.catalina.core.StandardService.startInternal Starting service [Catalina]
08-Sep-2026 22:45:02.814 INFO [main] org.apache.catalina.core.StandardEngine.startInternal Starting Servlet engine: [Apache Tomcat/8.5.96]
08-Sep-2026 22:45:02.856 INFO [localhost-startStop-1] org.apache.catalina.startup.HostConfig.deployWAR Deploying web application archive [D:\benedictmart\benedictmart\jerome_zom\tomcat\webapps\benedictjeromemart.war]
08-Sep-2026 22:45:03.861 WARNING [localhost-startStop-1] org.apache.tomcat.util.descriptor.web.WebXml.setVersion Unknown version string [4.0]. Default version will be used.
08-Sep-2026 22:45:05.195 INFO [localhost-startStop-1] org.apache.jasper.servlet.TldScanner.scanJars At least one JAR was scanned for TLDs yet contained no TLDs. Enable debug logging for this logger for a complete list of JARs that were scanned but no TLDs were found in them. Skipping unneeded JARs during scanning can improve startup time and JSP compilation time.
08-Sep-2026 22:45:06.943 INFO [localhost-startStop-1] org.apache.catalina.startup.HostConfig.deployWAR Deployment of web application archive [D:\benedictmart\benedictmart\jerome_zom\tomcat\webapps\benedictjeromemart.war] has finished in [4,086] ms
08-Sep-2026 22:45:06.945 INFO [localhost-startStop-1] org.apache.catalina.startup.HostConfig.deployDirectory Deploying web application directory [D:\benedictmart\benedictmart\jerome_zom\tomcat\webapps\docs]
08-Sep-2026 22:45:07.009 INFO [localhost-startStop-1] org.apache.catalina.startup.HostConfig.deployDirectory Deployment of web application directory [D:\benedictmart\benedictmart\jerome_zom\tomcat\webapps\docs] has finished in [64] ms
08-Sep-2026 22:45:07.010 INFO [localhost-startStop-1] org.apache.catalina.startup.HostConfig.deployDirectory Deploying web application directory [D:\benedictmart\benedictmart\jerome_zom\tomcat\webapps\examples]
08-Sep-2026 22:45:07.783 INFO [localhost-startStop-1] org.apache.catalina.startup.HostConfig.deployDirectory Deployment of web application directory [D:\benedictmart\benedictmart\jerome_zom\tomcat\webapps\examples] has finished in [773] ms
08-Sep-2026 22:45:07.785 INFO [localhost-startStop-1] org.apache.catalina.startup.HostConfig.deployDirectory Deploying web application directory [D:\benedictmart\benedictmart\jerome_zom\tomcat\webapps\host-manager]
08-Sep-2026 22:45:07.872 INFO [localhost-startStop-1] org.apache.catalina.startup.HostConfig.deployDirectory Deployment of web application directory [D:\benedictmart\benedictmart\jerome_zom\tomcat\webapps\host-manager] has finished in [82] ms
08-Sep-2026 22:45:07.872 INFO [localhost-startStop-1] org.apache.catalina.startup.HostConfig.deployDirectory Deploying web application directory [D:\benedictmart\benedictmart\jerome_zom\tomcat\webapps\manager]
08-Sep-2026 22:45:07.956 INFO [localhost-startStop-1] org.apache.catalina.startup.HostConfig.deployDirectory Deployment of web application directory [D:\benedictmart\benedictmart\jerome_zom\tomcat\webapps\manager] has finished in [84] ms
08-Sep-2026 22:45:07.956 INFO [localhost-startStop-1] org.apache.catalina.startup.HostConfig.deployDirectory Deploying web application directory [D:\benedictmart\benedictmart\jerome_zom\tomcat\webapps\ROOT]
08-Sep-2026 22:45:08.032 INFO [localhost-startStop-1] org.apache.catalina.startup.HostConfig.deployDirectory Deployment of web application directory [D:\benedictmart\benedictmart\jerome_zom\tomcat\webapps\ROOT] has finished in [72] ms
08-Sep-2026 22:45:08.038 INFO [main] org.apache.coyote.AbstractProtocol.start Starting ProtocolHandler ["http-nio-8080"]
08-Sep-2026 22:45:08.174 INFO [main] org.apache.catalina.startup.Catalina.start Server startup in 5441 ms
