10-Sep-2026 20:00:49.474 SEVERE [main] org.apache.catalina.startup.Catalina.stopServer Could not contact [localhost:8005] (base port [8005] and offset [0]). Tomcat may not be running.
10-Sep-2026 20:01:01.193 INFO [main] org.apache.catalina.startup.VersionLoggerListener.log Server version name:   Apache Tomcat/8.5.96
10-Sep-2026 20:01:01.198 INFO [main] org.apache.catalina.startup.VersionLoggerListener.log Server built:          Nov 10 2023 14:56:59 UTC
10-Sep-2026 20:01:01.198 INFO [main] org.apache.catalina.startup.VersionLoggerListener.log Server version number: 8.5.96.0
10-Sep-2026 20:01:01.199 INFO [main] org.apache.catalina.startup.VersionLoggerListener.log OS Name:               Windows 11
10-Sep-2026 20:01:01.199 INFO [main] org.apache.catalina.startup.VersionLoggerListener.log OS Version:            10.0
10-Sep-2026 20:01:01.199 INFO [main] org.apache.catalina.startup.VersionLoggerListener.log Architecture:          amd64
10-Sep-2026 20:01:01.199 INFO [main] org.apache.catalina.startup.VersionLoggerListener.log Java Home:             C:\Program Files\Eclipse Adoptium\jdk-17.0.20.8-hotspot
10-Sep-2026 20:01:01.200 INFO [main] org.apache.catalina.startup.VersionLoggerListener.log JVM Version:           17.0.20+8
10-Sep-2026 20:01:01.201 INFO [main] org.apache.catalina.startup.VersionLoggerListener.log JVM Vendor:            Eclipse Adoptium
10-Sep-2026 20:01:01.201 INFO [main] org.apache.catalina.startup.VersionLoggerListener.log CATALINA_BASE:         D:\benedictmart\benedictmart\jerome_zom\tomcat
10-Sep-2026 20:01:01.201 INFO [main] org.apache.catalina.startup.VersionLoggerListener.log CATALINA_HOME:         D:\benedictmart\benedictmart\jerome_zom\tomcat
10-Sep-2026 20:01:01.202 INFO [main] org.apache.catalina.startup.VersionLoggerListener.log Command line argument: --add-opens=java.base/java.lang=ALL-UNNAMED
10-Sep-2026 20:01:01.203 INFO [main] org.apache.catalina.startup.VersionLoggerListener.log Command line argument: --add-opens=java.base/java.io=ALL-UNNAMED
10-Sep-2026 20:01:01.203 INFO [main] org.apache.catalina.startup.VersionLoggerListener.log Command line argument: --add-opens=java.base/java.util=ALL-UNNAMED
10-Sep-2026 20:01:01.203 INFO [main] org.apache.catalina.startup.VersionLoggerListener.log Command line argument: --add-opens=java.base/java.util.concurrent=ALL-UNNAMED
10-Sep-2026 20:01:01.203 INFO [main] org.apache.catalina.startup.VersionLoggerListener.log Command line argument: --add-opens=java.rmi/sun.rmi.transport=ALL-UNNAMED
10-Sep-2026 20:01:01.203 INFO [main] org.apache.catalina.startup.VersionLoggerListener.log Command line argument: -Djava.util.logging.config.file=D:\benedictmart\benedictmart\jerome_zom\tomcat\conf\logging.properties
10-Sep-2026 20:01:01.204 INFO [main] org.apache.catalina.startup.VersionLoggerListener.log Command line argument: -Djava.util.logging.manager=org.apache.juli.ClassLoaderLogManager
10-Sep-2026 20:01:01.204 INFO [main] org.apache.catalina.startup.VersionLoggerListener.log Command line argument: -Djdk.tls.ephemeralDHKeySize=2048
10-Sep-2026 20:01:01.204 INFO [main] org.apache.catalina.startup.VersionLoggerListener.log Command line argument: -Djava.protocol.handler.pkgs=org.apache.catalina.webresources
10-Sep-2026 20:01:01.205 INFO [main] org.apache.catalina.startup.VersionLoggerListener.log Command line argument: -Dignore.endorsed.dirs=
10-Sep-2026 20:01:01.205 INFO [main] org.apache.catalina.startup.VersionLoggerListener.log Command line argument: -Dcatalina.base=D:\benedictmart\benedictmart\jerome_zom\tomcat
10-Sep-2026 20:01:01.205 INFO [main] org.apache.catalina.startup.VersionLoggerListener.log Command line argument: -Dcatalina.home=D:\benedictmart\benedictmart\jerome_zom\tomcat
10-Sep-2026 20:01:01.205 INFO [main] org.apache.catalina.startup.VersionLoggerListener.log Command line argument: -Djava.io.tmpdir=D:\benedictmart\benedictmart\jerome_zom\tomcat\temp
10-Sep-2026 20:01:01.205 INFO [main] org.apache.catalina.core.AprLifecycleListener.lifecycleEvent Loaded Apache Tomcat Native library [1.3.8] using APR version [1.7.6].
10-Sep-2026 20:01:01.205 INFO [main] org.apache.catalina.core.AprLifecycleListener.lifecycleEvent APR capabilities: IPv6 [true], sendfile [true], accept filters [false], random [true], UDS [{4}].
10-Sep-2026 20:01:01.206 INFO [main] org.apache.catalina.core.AprLifecycleListener.lifecycleEvent APR/OpenSSL configuration: useAprConnector [false], useOpenSSL [true]
10-Sep-2026 20:01:01.249 INFO [main] org.apache.catalina.core.AprLifecycleListener.initializeSSL OpenSSL successfully initialized [OpenSSL 3.0.21 9 Jun 2026]
10-Sep-2026 20:01:01.330 INFO [main] org.apache.coyote.AbstractProtocol.init Initializing ProtocolHandler ["http-nio-8080"]
10-Sep-2026 20:01:01.398 INFO [main] org.apache.catalina.startup.Catalina.load Initialization processed in 832 ms
10-Sep-2026 20:01:01.497 INFO [main] org.apache.catalina.core.StandardService.startInternal Starting service [Catalina]
10-Sep-2026 20:01:01.497 INFO [main] org.apache.catalina.core.StandardEngine.startInternal Starting Servlet engine: [Apache Tomcat/8.5.96]
10-Sep-2026 20:01:01.563 INFO [localhost-startStop-1] org.apache.catalina.startup.HostConfig.deployWAR Deploying web application archive [D:\benedictmart\benedictmart\jerome_zom\tomcat\webapps\benedictjeromemart.war]
10-Sep-2026 20:01:02.725 WARNING [localhost-startStop-1] org.apache.tomcat.util.descriptor.web.WebXml.setVersion Unknown version string [4.0]. Default version will be used.
10-Sep-2026 20:01:04.094 INFO [localhost-startStop-1] org.apache.jasper.servlet.TldScanner.scanJars At least one JAR was scanned for TLDs yet contained no TLDs. Enable debug logging for this logger for a complete list of JARs that were scanned but no TLDs were found in them. Skipping unneeded JARs during scanning can improve startup time and JSP compilation time.
10-Sep-2026 20:01:10.050 INFO [localhost-startStop-1] org.apache.catalina.startup.HostConfig.deployWAR Deployment of web application archive [D:\benedictmart\benedictmart\jerome_zom\tomcat\webapps\benedictjeromemart.war] has finished in [8,487] ms
10-Sep-2026 20:01:10.050 INFO [localhost-startStop-1] org.apache.catalina.startup.HostConfig.deployDirectory Deploying web application directory [D:\benedictmart\benedictmart\jerome_zom\tomcat\webapps\docs]
10-Sep-2026 20:01:10.155 INFO [localhost-startStop-1] org.apache.catalina.startup.HostConfig.deployDirectory Deployment of web application directory [D:\benedictmart\benedictmart\jerome_zom\tomcat\webapps\docs] has finished in [105] ms
10-Sep-2026 20:01:10.155 INFO [localhost-startStop-1] org.apache.catalina.startup.HostConfig.deployDirectory Deploying web application directory [D:\benedictmart\benedictmart\jerome_zom\tomcat\webapps\examples]
10-Sep-2026 20:01:11.705 INFO [localhost-startStop-1] org.apache.catalina.startup.HostConfig.deployDirectory Deployment of web application directory [D:\benedictmart\benedictmart\jerome_zom\tomcat\webapps\examples] has finished in [1,550] ms
10-Sep-2026 20:01:11.705 INFO [localhost-startStop-1] org.apache.catalina.startup.HostConfig.deployDirectory Deploying web application directory [D:\benedictmart\benedictmart\jerome_zom\tomcat\webapps\host-manager]
10-Sep-2026 20:01:11.825 INFO [localhost-startStop-1] org.apache.catalina.startup.HostConfig.deployDirectory Deployment of web application directory [D:\benedictmart\benedictmart\jerome_zom\tomcat\webapps\host-manager] has finished in [120] ms
10-Sep-2026 20:01:11.825 INFO [localhost-startStop-1] org.apache.catalina.startup.HostConfig.deployDirectory Deploying web application directory [D:\benedictmart\benedictmart\jerome_zom\tomcat\webapps\manager]
10-Sep-2026 20:01:11.934 INFO [localhost-startStop-1] org.apache.catalina.startup.HostConfig.deployDirectory Deployment of web application directory [D:\benedictmart\benedictmart\jerome_zom\tomcat\webapps\manager] has finished in [109] ms
10-Sep-2026 20:01:11.934 INFO [localhost-startStop-1] org.apache.catalina.startup.HostConfig.deployDirectory Deploying web application directory [D:\benedictmart\benedictmart\jerome_zom\tomcat\webapps\ROOT]
10-Sep-2026 20:01:12.000 INFO [localhost-startStop-1] org.apache.catalina.startup.HostConfig.deployDirectory Deployment of web application directory [D:\benedictmart\benedictmart\jerome_zom\tomcat\webapps\ROOT] has finished in [66] ms
10-Sep-2026 20:01:12.011 INFO [main] org.apache.coyote.AbstractProtocol.start Starting ProtocolHandler ["http-nio-8080"]
10-Sep-2026 20:01:12.160 INFO [main] org.apache.catalina.startup.Catalina.start Server startup in 10763 ms
